--------- beginning of main
03-20 10:33:22.262   819  1038 I HalDevMgr: bestIfaceCreationProposal is null, requestIface=STA, existingIface=[name=wlan0 type=STA]
--------- beginning of system
03-20 10:33:24.474   819  2141 W ActivityTaskManager: callingPackage for (uid=2000, pid=6891) has no WPC
03-20 10:33:24.481   819  2141 V WindowManager: DesktopModeLaunchParamsModifier: phase= 0 task=null activity=null display-area-from-current-params=null display-area-from-default-fallback=DefaultTaskDisplayArea@75611826 display-id=0 task-display-area-windowing-mode=1 suggested-display-area=DefaultTaskDisplayArea@75611826 task null, skipping
03-20 10:33:24.486   819  2141 V WindowManager: TaskLaunchParamsModifier:phase=0 task=null activity=null display-area-from-current-params=null display-area-from-default-fallback=DefaultTaskDisplayArea@75611826 display-id=0 task-display-area-windowing-mode=1 suggested-display-area=DefaultTaskDisplayArea@75611826
03-20 10:33:24.488   819  2141 V GrammaticalInflectionUtils: AttributionSource: android.content.AttributionSource@39781294 does not have READ_SYSTEM_GRAMMATICAL_GENDER permission.
03-20 10:33:24.492   819  2141 V WindowManager: DesktopModeLaunchParamsModifier: phase= 0 task=null activity=ActivityRecord{200305638 u0 com.amoravibe.app/.MainActivity display-area-from-current-params=null display-area-from-default-fallback=DefaultTaskDisplayArea@75611826 display-id=0 task-display-area-windowing-mode=1 suggested-display-area=DefaultTaskDisplayArea@75611826 task null, skipping
03-20 10:33:24.492   819  2141 V WindowManager: TaskLaunchParamsModifier:phase=0 task=null activity=ActivityRecord{200305638 u0 com.amoravibe.app/.MainActivity t-1} display-area-from-current-params=null display-area-from-default-fallback=DefaultTaskDisplayArea@75611826 display-id=0 task-display-area-windowing-mode=1 suggested-display-area=DefaultTaskDisplayArea@75611826
03-20 10:33:24.494   819  2141 V WindowManager: DesktopModeLaunchParamsModifier: phase= 3 task=null activity=ActivityRecord{200305638 u0 com.amoravibe.app/.MainActivity t-1} display-area-from-current-params=null display-area-from-default-fallback=DefaultTaskDisplayArea@75611826 display-id=0 task-display-area-windowing-mode=1 suggested-display-area=DefaultTaskDisplayArea@75611826 task null, skipping
03-20 10:33:24.496   819  2141 V WindowManager: TaskLaunchParamsModifier:phase=3 task=null activity=ActivityRecord{200305638 u0 com.amoravibe.app/.MainActivity t-1} display-area-from-current-params=null display-area-from-default-fallback=DefaultTaskDisplayArea@75611826 display-id=0 task-display-area-windowing-mode=1 suggested-display-area=DefaultTaskDisplayArea@75611826 non-freeform-task-display-area display-area=DefaultTaskDisplayArea@75611826 skip-bounds-fullscreen
03-20 10:33:24.517   819  2141 V WindowManager: DesktopModeLaunchParamsModifier: phase= 3 task=Task{223527 #10 type=standard A=10220:com.amoravibe.app} activity=ActivityRecord{200305638 u0 com.amoravibe.app/.MainActivity t-1} display-from-task=0 display-id=0 task-display-area-windowing-mode=1 suggested-display-area=DefaultTaskDisplayArea@75611826 not entering desktop mode, skipping
03-20 10:33:24.518   819  2141 V WindowManager: TaskLaunchParamsModifier:phase=3 task=Task{223527 #10 type=standard A=10220:com.amoravibe.app} activity=ActivityRecord{200305638 u0 com.amoravibe.app/.MainActivity t-1} display-from-task=0 display-id=0 task-display-area-windowing-mode=1 suggested-display-area=DefaultTaskDisplayArea@75611826 inherit-from-task=fullscreen non-freeform-task-display-area display-area=DefaultTaskDisplayArea@75611826 skip-bounds-fullscreen
03-20 10:33:24.539   621   648 I libbinder.BpBinder: onLastStrongRef automatically unlinking death recipients for descriptor: '(not cached)'
03-20 10:33:24.596   819  2141 I ActivityTaskManager: START u0 {flg=0x10000000 xflg=0x5 cmp=com.amoravibe.app/.MainActivity} with LAUNCH_SINGLE_TASK from uid 2000 (com.android.shell) (BAL_ALLOW_PERMISSION) result code=0
03-20 10:33:24.603  1147  1239 V WindowManagerShell: Transition requested (#15): android.os.BinderProxy@ad7f4d8 TransitionRequestInfo { type = OPEN, triggerTask = TaskInfo{userId=0 taskId=10 effectiveUid=10220 displayId=0 isRunning=true baseIntent=Intent { flg=0x10000000 cmp=com.amoravibe.app/.MainActivity } baseActivity=ComponentInfo{com.amoravibe.app/com.amoravibe.app.MainActivity} topActivity=ComponentInfo{com.amoravibe.app/com.amoravibe.app.MainActivity} origActivity=null realActivity=ComponentInfo{com.amoravibe.app/com.amoravibe.app.MainActivity} numActivities=1 lastActiveTime=1772877 supportsMultiWindow=true resizeMode=1 isResizeable=true minWidth=-1 minHeight=-1 defaultMinSize=220 token=WCT{android.os.BinderProxy@19d4031} topActivityType=1 pictureInPictureParams=null shouldDockBigOverlays=false launchIntoPipHostTaskId=-1 lastParentTaskIdBeforePip=-1 displayCutoutSafeInsets=Rect(0, 0 - 0, 0) topActivityInfo=ActivityInfo{697316 com.amoravibe.app.MainActivity} launchCookies=[] positionInParent=Point(0, 0) parentTaskId=-1 isFocused=false isVisible=false isVisibleRequested=false isTopActivityNoDisplay=false isSleeping=false locusId=null displayAreaFeatureId=1 isTopActivityTransparent=false isActivityStackTransparent=false lastNonFullscreenBounds=null capturedLink=null capturedLinkTimestamp=0 requestedVisibleTypes=503 topActivityRequestOpenInBrowserEducationTimestamp=0 appCompatTaskInfo=AppCompatTaskInfo { topActivityInSizeCompat=false isLeafTask= true eligibleForLetterboxEducation= false isLetterboxEducationEnabled= true isLetterboxDoubleTapEnabled= false eligibleForUserAspectRatioButton= false topActivityBoundsLetterboxed= false isFromLetterboxDoubleTap= false topActivityLetterboxVerticalPosition= -1 topActivityLetterboxHorizontalPosition= -1 topActivityLetterboxWidth=-1 topActivityLetterboxHeight=-1 topActivityAppBounds=Rect(0, 0 - 1080, 2400) isUserFullscreenOverrideEnabled=false isSystemFullscreenOverrideEnabled=false hasMinAspectRatioOverride=false topActivityLetterboxBounds=null cameraCompatTaskInfo=CameraCompatTaskInfo { cameraCompatMode=inactive0} topNonResizableActivityAspectRatio=-1.0} topActivityMainWindowFrame=null isAppBubble=false}, pipChange = null, remoteTransition = null, displayChange = null, requestedLocation = null, userChange = null, windowingLayerChange = null, flags = 0, debugId = 15 }
03-20 10:33:24.616  1147  1239 D ShellSplitScreen: logExit: no-op, mLoggerSessionId is null
03-20 10:33:24.629  1292  1292 D RecentsView: onTaskDisplayChanged: 10, new displayId = 0
03-20 10:33:24.632  1147  1342 D WindowOnBackDispatcher: setTopOnBackInvokedCallback (unwrapped): android.view.ViewRootImpl$$ExternalSyntheticLambda12@9f3ceee
03-20 10:33:24.645   661   769 W libbinder.IPCThreadState: Sending oneway calls to frozen process.
03-20 10:33:24.655   819  2141 D CoreBackPreview: Window{1f2fcc3 u0 Splash Screen com.amoravibe.app}: Setting back callback OnBackInvokedCallbackInfo{mCallback=android.window.IOnBackInvokedCallback$Stub$Proxy@5f91079, mPriority=0, mIsAnimationCallback=false, mOverrideBehavior=0}
03-20 10:33:24.658   819   880 V GrammaticalInflectionUtils: AttributionSource: android.content.AttributionSource@39781294 does not have READ_SYSTEM_GRAMMATICAL_GENDER permission.
03-20 10:33:24.712  5598  5598 V Capacitor/AppPlugin: Notifying listeners for event pause
03-20 10:33:24.713  1292  1292 D b/417220811: invalidateLoadedTasks - previous requestLoadId: -1
03-20 10:33:24.719  5598  5598 D Capacitor/AppPlugin: No listeners found for event pause
03-20 10:33:24.719  5598  5598 D Capacitor: App paused
03-20 10:33:24.738   819  1099 D BackgroundInstallControlService: Package event received: 0
03-20 10:33:24.768  1292  1292 D b/417220811: invalidateLoadedTasks - previous requestLoadId: -1
03-20 10:33:24.814   819   880 W ProcessStats: Tracking association SourceState{1ad7c53 system/1000 BFgs #4789} whose proc state 4 is better than process ProcessState{b3e5488 com.google.android.ext.services/10214 pkg=com.google.android.ext.services} proc state 14 (9 skipped)
03-20 10:33:24.825   546   546 D Zygote  : Forked child process 6895
03-20 10:33:24.826   819   891 W ActivityManager: Slow operation: 164ms so far, now at startProcess: returned from zygote!
03-20 10:33:24.826   819   891 W ActivityManager: Slow operation: 165ms so far, now at startProcess: done updating battery stats
03-20 10:33:24.826   819   891 W ActivityManager: Slow operation: 165ms so far, now at startProcess: building log message
03-20 10:33:24.827   819   891 I ActivityManager: Start proc 6895:com.amoravibe.app/u0a220 for next-top-activity {com.amoravibe.app/com.amoravibe.app.MainActivity}
03-20 10:33:24.827   819   891 W ActivityManager: Slow operation: 165ms so far, now at startProcess: starting to update pids map
03-20 10:33:24.828   819   891 W ActivityManager: Slow operation: 166ms so far, now at startProcess: done updating pids map
03-20 10:33:24.872  1292  1292 D b/417220811: invalidateLoadedTasks - previous requestLoadId: -1
03-20 10:33:25.057  6895  6895 I Zygote  : Process 6895 created for com.amoravibe.app
03-20 10:33:25.066  6895  6895 I m.amoravibe.app: Using CollectorTypeCMC GC.
03-20 10:33:25.074  6895  6895 W m.amoravibe.app: Unexpected CPU variant for x86: x86_64.
03-20 10:33:25.074  6895  6895 W m.amoravibe.app: Known variants: atom, sandybridge, silvermont, goldmont, goldmont-plus, goldmont-without-sha-xsaves, tremont, kabylake, alderlake, default
03-20 10:33:25.097  1147  1159 V WindowManagerShell: onTransitionReady(transaction=3517578216690)
03-20 10:33:25.107  1147  1239 V WindowManagerShell: onTransitionReady (#15) android.os.BinderProxy@ad7f4d8: {id=15 t=OPEN f=0x0 trk=0 r=[0@Point(0, 0)] c=[
03-20 10:33:25.107  1147  1239 V WindowManagerShell:         {m=OPEN f=NONE leash=Surface(name=Task=10#181)/@0xdcd97a1 sb=Rect(0, 0 - 1080, 2400) eb=Rect(0, 0 - 1080, 2400) epz=Point(1080, 2400) d=0 taskParent=-1 winMode=1 userId=0},
03-20 10:33:25.107  1147  1239 V WindowManagerShell:         {m=TO_BACK f=NONE leash=Surface(name=Task=7#108)/@0xc42cdc6 sb=Rect(0, 0 - 1080, 2400) eb=Rect(0, 0 - 1080, 2400) epz=Point(1080, 2400) d=0 taskParent=-1 winMode=1 userId=0}
03-20 10:33:25.107  1147  1239 V WindowManagerShell:     ]}
03-20 10:33:25.115  1147  1239 V WindowManagerShell: Playing animation for (#15) android.os.BinderProxy@ad7f4d8@0
03-20 10:33:25.144  1147  1239 V ShellRecents: RecentsTransitionHandler.startAnimation: no controller found
03-20 10:33:25.145  1147  1239 V WindowManagerShell: Transition doesn't have explicit remote, search filters for match for {id=15 t=OPEN f=0x0 trk=0 r=[0@Point(0, 0)] c=[{m=OPEN f=NONE leash=Surface(name=Task=10#181)/@0xdcd97a1 sb=Rect(0, 0 - 1080, 2400) eb=Rect(0, 0 - 1080, 2400) epz=Point(1080, 2400) d=0 taskParent=-1 winMode=1 userId=0},{m=TO_BACK f=NONE leash=Surface(name=Task=7#108)/@0xc42cdc6 sb=Rect(0, 0 - 1080, 2400) eb=Rect(0, 0 - 1080, 2400) epz=Point(1080, 2400) d=0 taskParent=-1 winMode=1 userId=0}]}
03-20 10:33:25.149  1147  1239 V WindowManagerShell:  Checking filter Pair{{types=[] flags=0x0] notFlags=0x0 checks=[{atype=undefined independent=true modes=[CLOSE,TO_BACK] flags=IN_TASK_WITH_EMBEDDED_ACTIVITY mustBeTask=false order=ANY topActivity=null launchCookie=null taskFragmentToken=android.os.BinderProxy@54e480a windowingMode=undefined isCrossDisplayMove=false}]} RemoteTransition { remoteTransition = android.window.IRemoteTransition$Stub$Proxy@e03e87b, appThread = android.app.IApplicationThread$Stub$Proxy@2a1a698, debugName = overlayBackTransition }}
03-20 10:33:25.149  1147  1239 V WindowManagerShell:  Checking filter Pair{{types=[] flags=0x0] notFlags=0x0 checks=[{atype=dream independent=true modes=[OPEN,TO_FRONT] flags=NONE mustBeTask=false order=ANY topActivity=null launchCookie=null windowingMode=undefined isCrossDisplayMove=false},{atype=home independent=true modes=[CLOSE,TO_BACK] flags=NONE mustBeTask=false order=ANY topActivity=null launchCookie=null windowingMode=undefined isCrossDisplayMove=false}]} RemoteTransition { remoteTransition = android.window.IRemoteTransition$Stub$Proxy@1266ef1, appThread = android.app.IApplicationThread$Stub$Proxy@290dad6, debugName = LauncherToDream }}
03-20 10:33:25.149  1147  1239 V WindowManagerShell:  Checking filter Pair{{types=[] flags=0x0] notFlags=0x100 checks=[{atype=home independent=true modes=[OPEN,TO_FRONT] flags=NONE mustBeTask=false order=TOP topActivity=ComponentInfo{com.google.android.apps.nexuslauncher/com.google.android.apps.nexuslauncher.NexusLauncherActivity} launchCookie=null windowingMode=undefined isCrossDisplayMove=false},{atype=standard independent=true modes=[CLOSE,TO_BACK] flags=NONE mustBeTask=false order=ANY topActivity=null launchCookie=null windowingMode=undefined isCrossDisplayMove=false},{NOT atype=undefined independent=true modes=[] flags=NONE mustBeTask=true order=ANY topActivity=null launchCookie=null customAnim=true windowingMode=undefined isCrossDisplayMove=false}]} RemoteTransition { remoteTransition = android.window.IRemoteTransition$Stub$Proxy@1de9157, appThread = android.app.IApplicationThread$Stub$Proxy@c569444, debugName = QuickstepLaunchHome }}
03-20 10:33:25.149  1147  1239 V WindowManagerShell:  Delegate animation for (#15) to null
03-20 10:33:25.149  1147  1239 V WindowManagerShell: start default transition animation, info = {id=15 t=OPEN f=0x0 trk=0 r=[0@Point(0, 0)] c=[{m=OPEN f=NONE leash=Surface(name=Task=10#181)/@0xdcd97a1 sb=Rect(0, 0 - 1080, 2400) eb=Rect(0, 0 - 1080, 2400) epz=Point(1080, 2400) d=0 taskParent=-1 winMode=1 userId=0},{m=TO_BACK f=NONE leash=Surface(name=Task=7#108)/@0xc42cdc6 sb=Rect(0, 0 - 1080, 2400) eb=Rect(0, 0 - 1080, 2400) epz=Point(1080, 2400) d=0 taskParent=-1 winMode=1 userId=0}]}
03-20 10:33:25.156  1147  1239 V WindowManagerShell: loadAnimation: anim=android.view.animation.AnimationSet@18e0052 animAttr=0x9 type=OPEN isEntrance=false
03-20 10:33:25.158  1147  1239 V WindowManagerShell: loadAnimation: anim=android.view.animation.AnimationSet@b2f8c20 animAttr=0x8 type=OPEN isEntrance=true
03-20 10:33:25.158   819   877 V WindowManager: Sent Transition (#15) createdAt=03-20 10:33:24.490 via request=TransitionRequestInfo { type = OPEN, triggerTask = TaskInfo{userId=0 taskId=10 effectiveUid=10220 displayId=0 isRunning=true baseIntent=Intent { flg=0x10000000 cmp=com.amoravibe.app/.MainActivity } baseActivity=ComponentInfo{com.amoravibe.app/com.amoravibe.app.MainActivity} topActivity=ComponentInfo{com.amoravibe.app/com.amoravibe.app.MainActivity} origActivity=null realActivity=ComponentInfo{com.amoravibe.app/com.amoravibe.app.MainActivity} numActivities=1 lastActiveTime=1772877 supportsMultiWindow=true resizeMode=1 isResizeable=true minWidth=-1 minHeight=-1 defaultMinSize=220 token=WCT{RemoteToken{8f5413b Task{223527 #10 type=standard A=10220:com.amoravibe.app}}} topActivityType=1 pictureInPictureParams=null shouldDockBigOverlays=false launchIntoPipHostTaskId=-1 lastParentTaskIdBeforePip=-1 displayCutoutSafeInsets=Rect(0, 0 - 0, 0) topActivityInfo=ActivityInfo{8eef058 com.amoravibe.app.MainActivity} launchCookies=[] positionInParent=Point(0, 0) parentTaskId=-1 isFocused=false isVisible=false isVisibleRequested=false isTopActivityNoDisplay=false isSleeping=false locusId=null displayAreaFeatureId=1 isTopActivityTransparent=false isActivityStackTransparent=false lastNonFullscreenBounds=null capturedLink=null capturedLinkTimestamp=0 requestedVisibleTypes=503 topActivityRequestOpenInBrowserEducationTimestamp=0 appCompatTaskInfo=AppCompatTaskInfo { topActivityInSizeCompat=false isLeafTask= true eligibleForLetterboxEducation= false isLetterboxEducationEnabled= true isLetterboxDoubleTapEnabled= false eligibleForUserAspectRatioButton= false topActivityBoundsLetterboxed= false isFromLetterboxDoubleTap= false topActivityLetterboxVerticalPosition= -1 topActivityLetterboxHorizontalPosition= -1 topActivityLetterboxWidth=-1 topActivityLetterboxHeight=-1 topActivityAppBounds=Rect(0, 0 - 1080, 2400) isUserFullscreenOverrideEnabled=false isSystemFullscreenOverrideEnabled=false hasMinAspectRatioOverride=false topActivityLetterboxBounds=null cameraCompatTaskInfo=CameraCompatTaskInfo { cameraCompatMode=inactive0} topNonResizableActivityAspectRatio=-1.0} topActivityMainWindowFrame=null isAppBubble=false}, pipChange = null, remoteTransition = null, displayChange = null, requestedLocation = null, userChange = null, windowingLayerChange = null, flags = 0, debugId = 15 }
03-20 10:33:25.158   819   877 V WindowManager:     startWCT=WindowContainerTransaction { changes= {} hops= [] errorCallbackToken=null taskFragmentOrganizer=null }
03-20 10:33:25.159   819   877 V WindowManager:     info={id=15 t=OPEN f=0x0 trk=0 r=[0@Point(0, 0)] c=[
03-20 10:33:25.159   819   877 V WindowManager:         {WCT{RemoteToken{8f5413b Task{223527 #10 type=standard A=10220:com.amoravibe.app}}} m=OPEN f=NONE leash=Surface(name=Task=10#181)/@0x34aa96c sb=Rect(0, 0 - 1080, 2400) eb=Rect(0, 0 - 1080, 2400) epz=Point(1080, 2400) d=0 taskParent=-1 winMode=1 userId=0},
03-20 10:33:25.159   819   877 V WindowManager:         {WCT{RemoteToken{9c8ec84 Task{d613c17 #7 type=standard A=10219:com.poscheckout.app}}} m=TO_BACK f=NONE leash=Surface(name=Task=7#108)/@0x59d4654 sb=Rect(0, 0 - 1080, 2400) eb=Rect(0, 0 - 1080, 2400) epz=Point(1080, 2400) d=0 taskParent=-1 winMode=1 userId=0}
03-20 10:33:25.159   819   877 V WindowManager:     ]}
03-20 10:33:25.174  1147  1239 V WindowManagerShell:  animated by com.android.wm.shell.transition.DefaultTransitionHandler@66aba00
03-20 10:33:25.194  1147  1239 V ShellTaskOrganizer: Task appeared taskId=10 listener=FullscreenTaskListener
03-20 10:33:25.194  1147  1239 V ShellTaskOrganizer: Fullscreen Task Appeared: #10
03-20 10:33:25.204  1292  1292 D b/417220811: invalidateLoadedTasks - previous requestLoadId: -1
03-20 10:33:25.237  6895  6895 D nativeloader: Load libframework-connectivity-tiramisu-jni.so using APEX ns com_android_tethering for caller /apex/com.android.tethering/javalib/framework-connectivity-t.jar: ok
03-20 10:33:25.339   819  1038 I HalDevMgr: bestIfaceCreationProposal is null, requestIface=STA, existingIface=[name=wlan0 type=STA]
03-20 10:33:25.399   819  1099 D BackgroundInstallControlService: Package event received: 0
03-20 10:33:25.419   819  2465 W ActivityManager: Slow operation: 52ms so far, now at attachApplicationLocked: after updateOomAdjLocked
03-20 10:33:25.563   819   878 W Looper  : Slow dispatch took 126ms android.ui app=system_server main=false group=TOP_APP h=com.android.server.am.ActivityManagerService$UiHandler c=com.android.server.am.UidObserverController$$ExternalSyntheticLambda0@81cdcd5 m=0
03-20 10:33:25.740  1147  1239 V WindowManagerShell: Transition animation finished (aborted=false), notifying core (#15) android.os.BinderProxy@ad7f4d8@0
03-20 10:33:25.761   819   877 V WindowManager: Finish Transition (#15): created at 03-20 10:33:24.490 collect-started=1.425ms request-sent=105.258ms started=182.829ms ready=545.69ms sent=574.048ms commit=129.769ms finished=1267.958ms
03-20 10:33:25.783  1147  1239 V WindowManagerShell: Track 0 became idle
03-20 10:33:25.785  6895  6895 D nativeloader: Configuring clns-9 for other apk /data/app/~~_oXYsQOGk7xIMcX62w-iyQ==/com.amoravibe.app-6RSMRYvJqP_blFNdBTVMtQ==/base.apk. target_sdk_version=35, uses_libraries=, library_path=/data/app/~~_oXYsQOGk7xIMcX62w-iyQ==/com.amoravibe.app-6RSMRYvJqP_blFNdBTVMtQ==/lib/x86_64:/data/app/~~_oXYsQOGk7xIMcX62w-iyQ==/com.amoravibe.app-6RSMRYvJqP_blFNdBTVMtQ==/base.apk!/lib/x86_64, permitted_path=/data:/mnt/expand:/data/user/0/com.amoravibe.app
03-20 10:33:25.783  1147  1239 V WindowManagerShell: All active transition animations finished
03-20 10:33:25.793  6895  6895 D CompatChangeReporter: Compat change id reported: 202956589; UID 10220; state: ENABLED
03-20 10:33:25.793  5598  5598 D VRI[MainActivity]: visibilityChanged oldVisibility=true newVisibility=false
03-20 10:33:25.857   819  1121 W ImageReader_JNI: Unable to acquire a buffer item, very likely client tried to acquire more than maxImages buffers
03-20 10:33:25.867  6895  6895 V GraphicsEnvironment: Currently set values for:
03-20 10:33:25.868  6895  6895 V GraphicsEnvironment:   angle_gl_driver_selection_pkgs=[]
03-20 10:33:25.868  6895  6895 V GraphicsEnvironment:   angle_gl_driver_selection_values=[]
03-20 10:33:25.869  6895  6895 V GraphicsEnvironment: com.amoravibe.app is not listed in per-application setting
03-20 10:33:25.869  6895  6895 V GraphicsEnvironment: ANGLE allowlist from config: com.dreamgames.royalmatch com.dts.freefiremax com.dxx.firenow com.gramgames.mergedragons com.ludo.king com.mojang.minecraftpe com.my.defense com.nintendo.zaka com.os.airforce com.playrix.fishdomdd.gplay io.teslatech.callbreak jp.konami.prospia net.peakgames.toonblast
03-20 10:33:25.872  6895  6895 V GraphicsEnvironment: No special selections for ANGLE, returning default driver choice
03-20 10:33:25.872  6895  6895 V GraphicsEnvironment: Neither updatable production driver nor prerelease driver is supported.
03-20 10:33:26.082  6895  6895 W SoLoader: Initializing SoLoader: 0
03-20 10:33:26.091  6895  6895 W SoLoader: Recording new base apk path: /data/app/~~_oXYsQOGk7xIMcX62w-iyQ==/com.amoravibe.app-6RSMRYvJqP_blFNdBTVMtQ==/base.apk
03-20 10:33:26.091  6895  6895 W SoLoader: Previously recorded 0 base apk paths.
03-20 10:33:26.113  6895  6895 D CompatChangeReporter: Compat change id reported: 312399441; UID 10220; state: ENABLED
03-20 10:33:26.114  6895  6895 I SoLoader: Preparing SO source: DirectorySoSource[root = /vendor/lib64 flags = 2]
03-20 10:33:26.114  6895  6895 I SoLoader: Preparing SO source: DirectorySoSource[root = /system/lib64 flags = 2]
03-20 10:33:26.114  6895  6895 I SoLoader: Preparing SO source: DirectApkSoSource[root = [/data/app/~~_oXYsQOGk7xIMcX62w-iyQ==/com.amoravibe.app-6RSMRYvJqP_blFNdBTVMtQ==/base.apk!/lib/x86_64]]
03-20 10:33:26.127  6895  6895 I SoLoader: Preparing SO source: ApplicationSoSource[DirectorySoSource[root = /data/app/~~_oXYsQOGk7xIMcX62w-iyQ==/com.amoravibe.app-6RSMRYvJqP_blFNdBTVMtQ==/lib/x86_64 flags = 0]]
03-20 10:33:26.127  6895  6895 I SoLoader: init finish: 4 SO sources prepared
03-20 10:33:26.127  6895  6895 W SoLoader: SoLoader initialized: 8
03-20 10:33:26.178   819  1099 D BackgroundInstallControlService: Package event received: 0
03-20 10:33:26.179   819  1099 D BackgroundInstallControlService: Package event received: 0
03-20 10:33:26.214  6895  6908 I DisplayManager: Choreographer implicitly registered for the refresh rate.
03-20 10:33:26.245  6895  6895 D DesktopExperienceFlags: Toggle override initialized to: false
03-20 10:33:26.264  6895  6895 D AppCompatDelegate: Checking for metadata for AppLocalesMetadataHolderService : Service not found
03-20 10:33:26.281  6895  6895 E ashmem  : Pinning is deprecated since Android Q. Please use trim or other methods.
03-20 10:33:26.416  6895  6895 D nativeloader: Load /data/app/~~_oXYsQOGk7xIMcX62w-iyQ==/com.amoravibe.app-6RSMRYvJqP_blFNdBTVMtQ==/base.apk!/lib/x86_64/libc++_shared.so using class loader ns clns-9 (caller=/data/app/~~_oXYsQOGk7xIMcX62w-iyQ==/com.amoravibe.app-6RSMRYvJqP_blFNdBTVMtQ==/base.apk): ok
03-20 10:33:26.417  1281  1434 D SatelliteController: iisInCarrierRoamingNbIotNtn: satellite is disabled
03-20 10:33:26.418  1281  1434 D SatelliteController: getCarrierRoamingNtnConnectType: Falling back to global carrier config connect type: 0
03-20 10:33:26.467  6895  6895 D nativeloader: Load /data/app/~~_oXYsQOGk7xIMcX62w-iyQ==/com.amoravibe.app-6RSMRYvJqP_blFNdBTVMtQ==/base.apk!/lib/x86_64/libjsi.so using class loader ns clns-9 (caller=/data/app/~~_oXYsQOGk7xIMcX62w-iyQ==/com.amoravibe.app-6RSMRYvJqP_blFNdBTVMtQ==/base.apk): ok
03-20 10:33:26.517  6895  6895 D nativeloader: Load /data/app/~~_oXYsQOGk7xIMcX62w-iyQ==/com.amoravibe.app-6RSMRYvJqP_blFNdBTVMtQ==/base.apk!/lib/x86_64/libfbjni.so using class loader ns clns-9 (caller=/data/app/~~_oXYsQOGk7xIMcX62w-iyQ==/com.amoravibe.app-6RSMRYvJqP_blFNdBTVMtQ==/base.apk): ok
03-20 10:33:26.572  6895  6895 D nativeloader: Load /data/app/~~_oXYsQOGk7xIMcX62w-iyQ==/com.amoravibe.app-6RSMRYvJqP_blFNdBTVMtQ==/base.apk!/lib/x86_64/libreactnative.so using class loader ns clns-9 (caller=/data/app/~~_oXYsQOGk7xIMcX62w-iyQ==/com.amoravibe.app-6RSMRYvJqP_blFNdBTVMtQ==/base.apk): ok
03-20 10:33:26.572  6895  6895 D jni_lib_merge: Entering merged library JNI_OnLoad.
03-20 10:33:26.572  6895  6895 D jni_lib_merge: Preparing 12 pre-merged libs (including stub)
03-20 10:33:26.572  6895  6895 D jni_lib_merge: Preparing to register libfabricjni_so.  onload_func: 0x7db90b4b1ba0
03-20 10:33:26.573  6895  6895 D jni_lib_merge: Preparing to register libreact_devsupportjni_so.  onload_func: 0x7db90b58d530
03-20 10:33:26.573  6895  6895 D jni_lib_merge: Preparing to register libreact_featureflagsjni_so.  onload_func: 0x7db90b5a00a0
03-20 10:33:26.573  6895  6895 D jni_lib_merge: Preparing to register libreact_newarchdefaults_so.  onload_func: 0x7db90b5c6fa0
03-20 10:33:26.573  6895  6895 D jni_lib_merge: Preparing to register libreactnativeblob_so.  onload_func: 0x7db90b66ea50
03-20 10:33:26.573  6895  6895 D jni_lib_merge: Preparing to register libreactnativejni_so.  onload_func: 0x7db90b6898c0
03-20 10:33:26.573  6895  6895 D jni_lib_merge: Preparing to register libreactnativejni_common_so.  onload_func: 0x7db90b690150
03-20 10:33:26.573  6895  6895 D jni_lib_merge: Preparing to register librninstance_so.  onload_func: 0x7db90b6ae450
03-20 10:33:26.573  6895  6895 D jni_lib_merge: Preparing to register libturbomodulejsijni_so.  onload_func: 0x7db90b759b80
03-20 10:33:26.574  6895  6895 D jni_lib_merge: Preparing to register libuimanagerjni_so.  onload_func: 0x7db90b761ab0
03-20 10:33:26.574  6895  6895 D jni_lib_merge: Preparing to register libyoga_so.  onload_func: 0x7db90b769130
03-20 10:33:26.574  6895  6895 D jni_lib_merge: About to register 11 actual methods.
03-20 10:33:26.636  6895  6895 W SoLoader: SoLoader already initialized
03-20 10:33:26.658  6895  6895 D nativeloader: Load /data/app/~~_oXYsQOGk7xIMcX62w-iyQ==/com.amoravibe.app-6RSMRYvJqP_blFNdBTVMtQ==/base.apk!/lib/x86_64/libhermes.so using class loader ns clns-9 (caller=/data/app/~~_oXYsQOGk7xIMcX62w-iyQ==/com.amoravibe.app-6RSMRYvJqP_blFNdBTVMtQ==/base.apk): ok
03-20 10:33:26.688  6895  6895 D nativeloader: Load /data/app/~~_oXYsQOGk7xIMcX62w-iyQ==/com.amoravibe.app-6RSMRYvJqP_blFNdBTVMtQ==/base.apk!/lib/x86_64/libhermestooling.so using class loader ns clns-9 (caller=/data/app/~~_oXYsQOGk7xIMcX62w-iyQ==/com.amoravibe.app-6RSMRYvJqP_blFNdBTVMtQ==/base.apk): ok
03-20 10:33:26.689  6895  6895 D jni_lib_merge: Entering merged library JNI_OnLoad.
03-20 10:33:26.689  6895  6895 D jni_lib_merge: Preparing 4 pre-merged libs (including stub)
03-20 10:33:26.689  6895  6895 D jni_lib_merge: Preparing to register libhermes_executor_so.  onload_func: 0x7db9a23e9730
03-20 10:33:26.689  6895  6895 D jni_lib_merge: Preparing to register libhermesinstancejni_so.  onload_func: 0x7db9a23f0db0
03-20 10:33:26.689  6895  6895 D jni_lib_merge: Preparing to register libjsijniprofiler_so.  onload_func: 0x7db9a23f1540
03-20 10:33:26.689  6895  6895 D jni_lib_merge: About to register 3 actual methods.
03-20 10:33:26.690  6895  6895 W SoLoader: SoLoader already initialized
03-20 10:33:26.710  6895  6895 D CompatChangeReporter: Compat change id reported: 309578419; UID 10220; state: ENABLED
03-20 10:33:26.710  6895  6895 D DesktopModeFlags: Toggle override initialized to: OVERRIDE_UNSET
03-20 10:33:26.808  6895  6908 I GFXSTREAM: [eglDisplay.cpp(297)] Opening libGLESv1_CM_emulation.so
03-20 10:33:26.809  6895  6908 I GFXSTREAM: [eglDisplay.cpp(297)] Opening libGLESv2_emulation.so
03-20 10:33:26.831  6895  6910 I ExpoModulesCore: Γ£à AppContext was initialized
03-20 10:33:26.869  6895  6908 W HWUI    : Failed to choose config with EGL_SWAP_BEHAVIOR_PRESERVED, retrying without...
03-20 10:33:26.869  6895  6908 W HWUI    : Failed to initialize 101010-2 format, error = EGL_SUCCESS
03-20 10:33:27.041  6895  6895 D CompatChangeReporter: Compat change id reported: 349153669; UID 10220; state: ENABLED
03-20 10:33:27.159  6895  6895 W HWUI    : Unknown dataspace 0
03-20 10:33:27.766  6895  6916 W unknown:ViewManagerPropertyUpdater: Could not find generated setter for class com.facebook.react.views.drawer.ReactDrawerLayoutManager
03-20 10:33:27.789  6895  6895 D VRI[MainActivity]: WindowInsets changed: 1080x2400 statusBars:[0,63,0,0] navigationBars:[0,0,0,63] mandatorySystemGestures:[0,63,0,84] 
03-20 10:33:27.795  6895  6895 D WindowOnBackDispatcher: setTopOnBackInvokedCallback (unwrapped): android.view.ViewRootImpl$$ExternalSyntheticLambda12@9e7a91
03-20 10:33:27.796  6895  6916 W unknown:ViewManagerPropertyUpdater: Could not find generated setter for class com.facebook.react.uimanager.LayoutShadowNode
03-20 10:33:27.823   819  2141 D CoreBackPreview: Window{7297ab8 u0 com.amoravibe.app/com.amoravibe.app.MainActivity}: Setting back callback OnBackInvokedCallbackInfo{mCallback=android.window.IOnBackInvokedCallback$Stub$Proxy@2c894cd, mPriority=0, mIsAnimationCallback=false, mOverrideBehavior=0}
03-20 10:33:27.829  1486  4213 I FontLog : (REDACTED) Received query %s, URI %s
03-20 10:33:27.831  1486  4213 I FontLog : (REDACTED) Query [%s] resolved to %s
03-20 10:33:27.843  6895  6916 W unknown:ViewManagerPropertyUpdater: Could not find generated setter for class com.facebook.react.views.scroll.ReactHorizontalScrollViewManager
03-20 10:33:27.847  6895  6916 W unknown:ViewManagerPropertyUpdater: Could not find generated setter for class com.facebook.react.views.scroll.ReactHorizontalScrollContainerViewManager
03-20 10:33:27.948  1486  4213 I FontLog : (REDACTED) Fetch %s end status %s
03-20 10:33:27.982  6895  6916 W unknown:ViewManagerPropertyUpdater: Could not find generated setter for class com.facebook.react.views.progressbar.ReactProgressBarViewManager
03-20 10:33:27.983  6895  6916 W unknown:ViewManagerPropertyUpdater: Could not find generated setter for class com.facebook.react.views.progressbar.ProgressBarShadowNode
03-20 10:33:27.991  6895  6916 W unknown:ViewManagerPropertyUpdater: Could not find generated setter for class com.facebook.react.views.scroll.ReactScrollViewManager
03-20 10:33:27.997  6895  6916 W unknown:ViewManagerPropertyUpdater: Could not find generated setter for class com.facebook.react.views.switchview.ReactSwitchManager
03-20 10:33:28.003  6895  6916 W unknown:ViewManagerPropertyUpdater: Could not find generated setter for class com.facebook.react.views.switchview.ReactSwitchShadowNode
03-20 10:33:28.006  6895  6916 W unknown:ViewManagerPropertyUpdater: Could not find generated setter for class com.facebook.react.views.safeareaview.ReactSafeAreaViewManager
03-20 10:33:28.006  6895  6916 W unknown:ViewManagerPropertyUpdater: Could not find generated setter for class com.facebook.react.views.safeareaview.ReactSafeAreaViewShadowNode
03-20 10:33:28.007  1486  4213 I FontLog : (REDACTED) Pulling font file for id = %d, cache size = %d
03-20 10:33:28.009  6895  6916 W unknown:ViewManagerPropertyUpdater: Could not find generated setter for class com.facebook.react.views.swiperefresh.SwipeRefreshLayoutManager
03-20 10:33:28.013  6895  6916 W unknown:ViewManagerPropertyUpdater: Could not find generated setter for class com.facebook.react.views.text.frescosupport.FrescoBasedReactTextInlineImageViewManager
03-20 10:33:28.014  6895  6916 W unknown:ViewManagerPropertyUpdater: Could not find generated setter for class com.facebook.react.views.text.frescosupport.FrescoBasedReactTextInlineImageShadowNode
03-20 10:33:28.017  6895  6916 W unknown:ViewManagerPropertyUpdater: Could not find generated setter for class com.facebook.react.views.image.ReactImageManager
03-20 10:33:28.021  6895  6916 W unknown:ViewManagerPropertyUpdater: Could not find generated setter for class com.facebook.react.views.modal.ReactModalHostManager
03-20 10:33:28.023  6895  6916 W unknown:ViewManagerPropertyUpdater: Could not find generated setter for class com.facebook.react.views.text.ReactRawTextManager
03-20 10:33:28.024  6895  6916 W unknown:ViewManagerPropertyUpdater: Could not find generated setter for class com.facebook.react.views.text.ReactRawTextShadowNode
03-20 10:33:28.027  6895  6925 I HWUI    : Using FreeType backend (prop=Auto)
03-20 10:33:28.033  6895  6916 W unknown:ViewManagerPropertyUpdater: Could not find generated setter for class com.facebook.react.views.textinput.ReactTextInputManager
03-20 10:33:28.047  6895  6916 W unknown:ViewManagerPropertyUpdater: Could not find generated setter for class com.facebook.react.views.textinput.ReactTextInputShadowNode
03-20 10:33:28.050  6895  6916 W unknown:ViewManagerPropertyUpdater: Could not find generated setter for class com.facebook.react.views.text.ReactTextViewManager
03-20 10:33:28.052  6895  6916 W unknown:ViewManagerPropertyUpdater: Could not find generated setter for class com.facebook.react.views.text.ReactTextShadowNode
03-20 10:33:28.058  6895  6916 W unknown:ViewManagerPropertyUpdater: Could not find generated setter for class com.facebook.react.views.view.ReactViewManager
03-20 10:33:28.058  6895  6916 W unknown:ViewManagerPropertyUpdater: Could not find generated setter for class com.facebook.react.views.text.ReactVirtualTextViewManager
03-20 10:33:28.058  6895  6916 W unknown:ViewManagerPropertyUpdater: Could not find generated setter for class com.facebook.react.views.text.ReactVirtualTextShadowNode
03-20 10:33:28.059  6895  6916 W unknown:ViewManagerPropertyUpdater: Could not find generated setter for class com.facebook.react.views.unimplementedview.ReactUnimplementedViewManager
03-20 10:33:28.063  1486  4213 I FontLog : (REDACTED) Pulling font file for id = %d, cache size = %d
03-20 10:33:28.063  6895  6916 W unknown:ViewManagerPropertyUpdater: Could not find generated setter for class com.th3rdwave.safeareacontext.SafeAreaProviderManager
03-20 10:33:28.065  6895  6916 W unknown:ViewManagerPropertyUpdater: Could not find generated setter for class com.th3rdwave.safeareacontext.SafeAreaViewManager
03-20 10:33:28.067  6895  6916 W unknown:ViewManagerPropertyUpdater: Could not find generated setter for class com.th3rdwave.safeareacontext.SafeAreaViewShadowNode
03-20 10:33:28.069  6895  6916 W unknown:ViewManagerPropertyUpdater: Could not find generated setter for class com.swmansion.rnscreens.ScreenContainerViewManager
03-20 10:33:28.072  6895  6916 W unknown:ViewManagerPropertyUpdater: Could not find generated setter for class com.swmansion.rnscreens.ScreenViewManager
03-20 10:33:28.080  6895  6916 W unknown:ViewManagerPropertyUpdater: Could not find generated setter for class com.swmansion.rnscreens.ModalScreenViewManager
03-20 10:33:28.080  6895  6916 W unknown:ViewManagerPropertyUpdater: Could not find generated setter for class com.swmansion.rnscreens.ScreenStackViewManager
03-20 10:33:28.081  6895  6916 W unknown:ViewManagerPropertyUpdater: Could not find generated setter for class com.swmansion.rnscreens.ScreenStackHeaderConfigViewManager
03-20 10:33:28.084  6895  6916 W unknown:ViewManagerPropertyUpdater: Could not find generated setter for class com.swmansion.rnscreens.ScreenStackHeaderSubviewManager
03-20 10:33:28.087  6895  6916 W unknown:ViewManagerPropertyUpdater: Could not find generated setter for class com.swmansion.rnscreens.SearchBarManager
03-20 10:33:28.088  6895  6916 W unknown:ViewManagerPropertyUpdater: Could not find generated setter for class com.swmansion.rnscreens.ScreenFooterManager
03-20 10:33:28.091  6895  6916 W unknown:ViewManagerPropertyUpdater: Could not find generated setter for class com.swmansion.rnscreens.ScreenContentWrapperManager
03-20 10:33:28.091  6895  6916 W unknown:ViewManagerPropertyUpdater: Could not find generated setter for class com.swmansion.rnscreens.gamma.tabs.TabsHostViewManager
03-20 10:33:28.097  6895  6916 W unknown:ViewManagerPropertyUpdater: Could not find generated setter for class com.swmansion.rnscreens.gamma.tabs.TabScreenViewManager
03-20 10:33:28.487   819  1038 I HalDevMgr: bestIfaceCreationProposal is null, requestIface=STA, existingIface=[name=wlan0 type=STA]
03-20 10:33:28.609   819  1771 E TaskPersister: File error accessing recents directory (directory doesn't exist?).
03-20 10:33:29.137  6895  6916 D nativeloader: Load /data/app/~~_oXYsQOGk7xIMcX62w-iyQ==/com.amoravibe.app-6RSMRYvJqP_blFNdBTVMtQ==/base.apk!/lib/x86_64/libexpo-modules-core.so using class loader ns clns-9 (caller=/data/app/~~_oXYsQOGk7xIMcX62w-iyQ==/com.amoravibe.app-6RSMRYvJqP_blFNdBTVMtQ==/base.apk): ok
03-20 10:33:29.163  6895  6916 I ExpoModulesCore: Γ£à JSI interop was installed
03-20 10:33:29.169  6895  6916 I ExpoModulesCore: Γ£à Constants were exported
03-20 10:33:29.190  6895  6895 I Choreographer: Skipped 42 frames!  The application may be doing too much work on its main thread.
03-20 10:33:29.192  6895  6905 I HWUI    : Davey! duration=1664ms; Flags=1, FrameTimelineVsyncId=66720, IntendedVsync=1775689434273, Vsync=1776039434238, InputEventId=0, HandleInputStart=1776056521838, AnimationStart=1776056566838, PerformTraversalsStart=1776056746938, DrawStart=1777158337638, FrameDeadline=1775706100939, FrameStartTime=1776047168138, FrameInterval=16666665, WorkloadTarget=16666666, SyncQueued=1777158747338, SyncStart=1777231405138, IssueDrawCommandsStart=1777255260938, SwapBuffers=1777281676038, FrameCompleted=1777426905138, DequeueBufferDuration=129300, QueueBufferDuration=419700, GpuCompleted=1777419320938, SwapBuffersCompleted=1777426905138, DisplayPresentTime=0, CommandSubmissionCompleted=1777281676038, 
03-20 10:33:29.206   819   877 I ActivityTaskManager: Displayed com.amoravibe.app/.MainActivity for user 0: +4s731ms
03-20 10:33:29.256  5598  5598 D Capacitor/AppPlugin: Firing change: false
03-20 10:33:29.256  5598  5598 V Capacitor/AppPlugin: Notifying listeners for event appStateChange
03-20 10:33:29.273  5598  5598 D Capacitor/AppPlugin: No listeners found for event appStateChange
03-20 10:33:29.273  5598  5598 D Capacitor: App stopped
03-20 10:33:29.274  5598  5598 D Capacitor: Saving instance state!
03-20 10:33:29.351   819  1000 I ImeTracker: com.amoravibe.app:fd97b9b3: onRequestHide at ORIGIN_SERVER reason HIDE_UNSPECIFIED_WINDOW fromUser false
03-20 10:33:29.507  6895  6895 D InsetsController: hide(ime())
03-20 10:33:29.521  6895  6895 I ImeTracker: com.amoravibe.app:fd97b9b3: onCancelled at PHASE_CLIENT_ALREADY_HIDDEN
03-20 10:33:29.534   819   878 W Looper  : Slow dispatch took 189ms android.ui app=system_server main=false group=TOP_APP h=com.android.server.am.ActivityManagerService$UiHandler c=com.android.server.am.UidObserverController$$ExternalSyntheticLambda0@81cdcd5 m=0
03-20 10:33:29.557   661   769 W libbinder.IPCThreadState: Sending oneway calls to frozen process.
03-20 10:33:29.558   819  1099 D BackgroundInstallControlService: Package event received: 0
03-20 10:33:29.695  2868  2868 I GoogleInputMethodService: GoogleInputMethodService.onFinishInput():2057 
03-20 10:33:29.738   819  2465 I ImeTracker: system_server:79adeeea: onRequestHide at ORIGIN_SERVER reason IME_REQUESTED_CHANGED_LISTENER fromUser false
03-20 10:33:29.748   819   880 I ImeTracker: system_server:79adeeea: onCancelled at PHASE_SERVER_SHOULD_HIDE
03-20 10:33:29.750  2868  2868 I Module  : DeviceLockedStatusModuleProvider$Module.updateDeviceLockedStatus():100 repeatCheckTimes = 0, locked = false
03-20 10:33:29.765  2868  2868 I GoogleInputMethodService: GoogleInputMethodService.onStartInput():1318 onStartInput(EditorInfo{EditorInfo{packageName=com.amoravibe.app, inputType=0, inputTypeString=NULL, enableLearning=false, autoCorrection=false, autoComplete=false, imeOptions=0, privateImeOptions=null, actionName=UNSPECIFIED, actionLabel=null, initialSelStart=-1, initialSelEnd=-1, initialCapsMode=0, label=null, fieldId=0, fieldName=null, extras=null, hintText=null, hintLocales=[]}}, false)
03-20 10:33:29.783  2868  2868 I HardKeyTracker: HardKeyTracker.registerKeySequence():170 Register key sequence nef{labelResId=0, callback=gdc@6f499d2, lastModifier=0, keyCodes=[57, 57], actions=[1, 0]}
03-20 10:33:29.841  2868  2868 I HardKeyTracker: HardKeyTracker.registerKeySequence():170 Register key sequence nef{labelResId=0, callback=gdc@e752159, lastModifier=0, keyCodes=[58, 58], actions=[1, 0]}
03-20 10:33:29.848  2868  2868 W NotificationCenter: NotificationCenter$NotificationQueue.notifyPendingNotificationsOnExecutor():877 Heavy notify work detected on UI thread: [ned->neg] takes 62ms
03-20 10:33:29.854  2868  2868 I Module  : DeviceLockedStatusModuleProvider$Module.updateDeviceLockedStatus():100 repeatCheckTimes = 1, locked = false
03-20 10:33:29.896  2868  2868 W NotificationCenter: NotificationCenter$NotificationQueue.notifyPendingNotificationsOnExecutor():877 Heavy notify work detected on UI thread: [ltj->jtc, ltj->jtc, ltj->jtc, ltj->jqp, ltj->jtc, ltj->jtc, ltj->jtc, ltj->jtc, ltj->jup, ltj->fum, ltj->fwu, ltj->kya, ltj->jtc, ltj->jtc, ltj->jtc, ltj->jtc, ltj->guu, ltj->jtc, ltj->lsn, ltj->nuz, ltj->lse, ltj->jtc, ltj->ngp, ltj->jtc] takes 113ms
03-20 10:33:29.956   819   878 W Looper  : Slow dispatch took 117ms android.ui app=system_server main=false group=TOP_APP h=com.android.server.am.ActivityManagerService$UiHandler c=com.android.server.am.UidObserverController$$ExternalSyntheticLambda0@81cdcd5 m=0
03-20 10:33:29.959   661   769 W libbinder.IPCThreadState: Sending oneway calls to frozen process.
03-20 10:33:30.033   819  2465 W PackageConfigPersister: App-specific configuration not found for packageName: com.amoravibe.app and userId: 0
03-20 10:33:30.040  2868  2868 W NotificationCenter: NotificationCenter$NotificationQueue.notifyPendingNotificationsOnExecutor():877 Heavy notify work detected on UI thread: [ltj->kub] takes 144ms
03-20 10:33:30.096  6895  6916 D nativeloader: Load /data/app/~~_oXYsQOGk7xIMcX62w-iyQ==/com.amoravibe.app-6RSMRYvJqP_blFNdBTVMtQ==/base.apk!/lib/x86_64/librnscreens.so using class loader ns clns-9 (caller=/data/app/~~_oXYsQOGk7xIMcX62w-iyQ==/com.amoravibe.app-6RSMRYvJqP_blFNdBTVMtQ==/base.apk!classes2.dex): ok
03-20 10:33:30.220  1147  1342 D WindowOnBackDispatcher: setTopOnBackInvokedCallback (unwrapped): null
03-20 10:33:30.318  6895  6916 I ReactNativeJS: Running "main"
03-20 10:33:30.516   819  1208 D CoreBackPreview: Window{1f2fcc3 u0 Splash Screen com.amoravibe.app EXITING}: Setting back callback null
03-20 10:33:30.602  6895  6916 W ReactNativeJS: SafeAreaView has been deprecated and will be removed in a future release. Please use 'react-native-safe-area-context' instead. See https://github.com/th3rdwave/react-native-safe-area-context
03-20 10:33:31.106  6895  6916 W ReactNativeJS: 'Unable to get the view config for %s from module &s', 'default view', 'ExpoLinearGradient'
--------- beginning of crash
03-20 10:33:31.263  6895  6917 E AndroidRuntime: FATAL EXCEPTION: mqt_native_modules
03-20 10:33:31.263  6895  6917 E AndroidRuntime: Process: com.amoravibe.app, PID: 6895
03-20 10:33:31.263  6895  6917 E AndroidRuntime: com.facebook.react.uimanager.IllegalViewOperationException: No ViewManager found for class ViewManagerAdapter_ExpoLinearGradient
03-20 10:33:31.263  6895  6917 E AndroidRuntime: 	at com.facebook.react.uimanager.ViewManagerRegistry.get(ViewManagerRegistry.kt:77)
03-20 10:33:31.263  6895  6917 E AndroidRuntime: 	at com.facebook.react.uimanager.UIImplementation.createShadowNode(UIImplementation.java:117)
03-20 10:33:31.263  6895  6917 E AndroidRuntime: 	at com.facebook.react.uimanager.UIImplementation.createView(UIImplementation.java:258)
03-20 10:33:31.263  6895  6917 E AndroidRuntime: 	at com.facebook.react.uimanager.UIManagerModule.createView(UIManagerModule.java:454)
03-20 10:33:31.263  6895  6917 E AndroidRuntime: 	at java.lang.reflect.Method.invoke(Native Method)
03-20 10:33:31.263  6895  6917 E AndroidRuntime: 	at com.facebook.react.bridge.JavaMethodWrapper.invoke(JavaMethodWrapper.kt:217)
03-20 10:33:31.263  6895  6917 E AndroidRuntime: 	at com.facebook.react.bridge.JavaModuleWrapper.invoke(JavaModuleWrapper.kt:134)
03-20 10:33:31.263  6895  6917 E AndroidRuntime: 	at com.facebook.jni.NativeRunnable.run(Native Method)
03-20 10:33:31.263  6895  6917 E AndroidRuntime: 	at android.os.Handler.handleCallback(Handler.java:1070)
03-20 10:33:31.263  6895  6917 E AndroidRuntime: 	at android.os.Handler.dispatchMessage(Handler.java:125)
03-20 10:33:31.263  6895  6917 E AndroidRuntime: 	at com.facebook.react.bridge.queue.MessageQueueThreadHandler.dispatchMessage(MessageQueueThreadHandler.kt:21)
03-20 10:33:31.263  6895  6917 E AndroidRuntime: 	at android.os.Looper.dispatchMessage(Looper.java:333)
03-20 10:33:31.263  6895  6917 E AndroidRuntime: 	at android.os.Looper.loopOnce(Looper.java:263)
03-20 10:33:31.263  6895  6917 E AndroidRuntime: 	at android.os.Looper.loop(Looper.java:367)
03-20 10:33:31.263  6895  6917 E AndroidRuntime: 	at com.facebook.react.bridge.queue.MessageQueueThreadImpl$Companion.startNewBackgroundThread$lambda$1(MessageQueueThreadImpl.kt:175)
03-20 10:33:31.263  6895  6917 E AndroidRuntime: 	at com.facebook.react.bridge.queue.MessageQueueThreadImpl$Companion.$r8$lambda$ldnZnqelhYFctGaUKkOKYj5rxo4(Unknown Source:0)
03-20 10:33:31.263  6895  6917 E AndroidRuntime: 	at com.facebook.react.bridge.queue.MessageQueueThreadImpl$Companion$$ExternalSyntheticLambda0.run(D8$$SyntheticClass:0)
03-20 10:33:31.263  6895  6917 E AndroidRuntime: 	at java.lang.Thread.run(Thread.java:1563)
03-20 10:33:31.301   819  6932 I DropBoxManagerService: add tag=data_app_crash isTagEnabled=true flags=0x2
03-20 10:33:31.378   819  1208 W ActivityTaskManager:   Force finishing activity com.amoravibe.app/.MainActivity
03-20 10:33:31.385   819  1208 W TransitionChain: Combining AR.finish-force-crash into #16(CLOSE|R|0x10) from finishTopCrash
03-20 10:33:31.393  1147  1239 V WindowManagerShell: Transition requested (#16): android.os.BinderProxy@fce3d50 TransitionRequestInfo { type = CLOSE, triggerTask = TaskInfo{userId=0 taskId=10 effectiveUid=10220 displayId=0 isRunning=true baseIntent=Intent { flg=0x10000000 cmp=com.amoravibe.app/.MainActivity } baseActivity=ComponentInfo{com.amoravibe.app/com.amoravibe.app.MainActivity} topActivity=ComponentInfo{com.amoravibe.app/com.amoravibe.app.MainActivity} origActivity=null realActivity=ComponentInfo{com.amoravibe.app/com.amoravibe.app.MainActivity} numActivities=1 lastActiveTime=1774436 supportsMultiWindow=true resizeMode=1 isResizeable=true minWidth=-1 minHeight=-1 defaultMinSize=220 token=WCT{android.os.BinderProxy@19d4031} topActivityType=1 pictureInPictureParams=null shouldDockBigOverlays=false launchIntoPipHostTaskId=-1 lastParentTaskIdBeforePip=-1 displayCutoutSafeInsets=Rect(0, 0 - 0, 0) topActivityInfo=ActivityInfo{d5eab49 com.amoravibe.app.MainActivity} launchCookies=[] positionInParent=Point(0, 0) parentTaskId=-1 isFocused=true isVisible=true isVisibleRequested=true isTopActivityNoDisplay=false isSleeping=false locusId=null displayAreaFeatureId=1 isTopActivityTransparent=false isActivityStackTransparent=false lastNonFullscreenBounds=null capturedLink=null capturedLinkTimestamp=0 requestedVisibleTypes=503 topActivityRequestOpenInBrowserEducationTimestamp=0 appCompatTaskInfo=AppCompatTaskInfo { topActivityInSizeCompat=false isLeafTask= true eligibleForLetterboxEducation= false isLetterboxEducationEnabled= true isLetterboxDoubleTapEnabled= false eligibleForUserAspectRatioButton= false topActivityBoundsLetterboxed= false isFromLetterboxDoubleTap= false topActivityLetterboxVerticalPosition= -1 topActivityLetterboxHorizontalPosition= -1 topActivityLetterboxWidth=-1 topActivityLetterboxHeight=-1 topActivityAppBounds=Rect(0, 0 - 1080, 2400) isUserFullscreenOverrideEnabled=false isSystemFullscreenOverrideEnabled=false hasMinAspectRatioOverride=false topActivityLetterboxBounds=null cameraCompatTaskInfo=CameraCompatTaskInfo { cameraCompatMode=inactive0} topNonResizableActivityAspectRatio=-1.0} topActivityMainWindowFrame=null isAppBubble=false}, pipChange = null, remoteTransition = null, displayChange = null, requestedLocation = null, userChange = null, windowingLayerChange = null, flags = 16, debugId = 16 }
03-20 10:33:31.412   621   648 I libbinder.BpBinder: onLastStrongRef automatically unlinking death recipients for descriptor: '(not cached)'
03-20 10:33:31.451  6895  6933 D ProfileInstaller: Skipping profile installation for com.amoravibe.app
03-20 10:33:31.535  6895  6916 W ReactNativeJS: The app is running using the Legacy Architecture. The Legacy Architecture is deprecated and will be removed in a future version of React Native. Please consider migrating to the New Architecture. For more information, please see https://reactnative.dev/blog/2024/10/23/the-new-architecture-is-here
03-20 10:33:31.614  6895  6917 I Process : Sending signal. PID: 6895 SIG: 9
03-20 10:33:31.615  1292  1292 D b/417220811: invalidateLoadedTasks - previous requestLoadId: -1
03-20 10:33:31.644   819  1038 I HalDevMgr: bestIfaceCreationProposal is null, requestIface=STA, existingIface=[name=wlan0 type=STA]
03-20 10:33:31.655   819   878 W Looper  : Slow dispatch took 105ms android.ui app=system_server main=false group=TOP_APP h=com.android.server.am.ActivityManagerService$UiHandler c=null m=1
03-20 10:33:31.665   819   877 W Looper  : Slow dispatch took 309ms android.fg app=system_server main=false group=FOREGROUND h=com.android.server.DropBoxManagerService$DropBoxManagerBroadcastHandler c=null m=1
03-20 10:33:31.697   819  2141 I ActivityManager: Process com.amoravibe.app (pid 6895) has died: fg  TOP 
03-20 10:33:31.702   546   546 I Zygote  : Process 6895 exited due to signal 9 (Killed)
03-20 10:33:31.705   819  2143 I ImeTracker: com.amoravibe.app:f9fb0c37: onRequestHide at ORIGIN_SERVER reason HIDE_REMOVE_CLIENT fromUser false
03-20 10:33:31.707   819  2143 I ImeTracker: com.amoravibe.app:f9fb0c37: onCancelled at PHASE_SERVER_SHOULD_HIDE
