03-20 10:33:31.730   819  1515 I WindowManager: WIN DEATH: Window{7297ab8 u0 com.amoravibe.app/com.amoravibe.app.MainActivity}
03-20 10:33:31.737   819   892 I libprocessgroup: Removed cgroup /sys/fs/cgroup/apps/uid_10220/pid_6895
03-20 10:33:31.756   819  2141 W TransitionChain: Combining appDied into #16(CLOSE|R|0x10) from finishTopCrash
03-20 10:33:31.836   819   880 W ActivityManager: setHasOverlayUi called on unknown pid: 6895
03-20 10:33:31.840  5598  5598 D Capacitor: App restarted
03-20 10:33:31.854  5598  5598 D Capacitor: App started
03-20 10:33:31.856  5598  5598 W WindowOnBackDispatcher: OnBackInvokedCallback is not enabled for the application.
03-20 10:33:31.856  5598  5598 W WindowOnBackDispatcher: Set 'android:enableOnBackInvokedCallback="true"' in the application manifest.
03-20 10:33:31.857  5598  5598 D Capacitor/AppPlugin: Firing change: true
03-20 10:33:31.857  5598  5598 V Capacitor/AppPlugin: Notifying listeners for event appStateChange
03-20 10:33:31.857  5598  5598 D Capacitor/AppPlugin: No listeners found for event appStateChange
03-20 10:33:31.867  5598  5598 V Capacitor/AppPlugin: Notifying listeners for event resume
03-20 10:33:31.870   819  1044 D InetDiagMessage: Destroyed 0 sockets, proto=IPPROTO_TCP, family=AF_INET, states=14
03-20 10:33:31.872   819  1099 D BackgroundInstallControlService: Package event received: 0
03-20 10:33:31.874  5598  5598 D Capacitor/AppPlugin: No listeners found for event resume
03-20 10:33:31.875  5598  5598 D Capacitor: App resumed
03-20 10:33:31.939   819  1099 D BackgroundInstallControlService: Package event received: 0
03-20 10:33:31.992   819   880 W ActivityTaskManager: Activity top resumed state loss timeout for ActivityRecord{200305638 u0 com.amoravibe.app/.MainActivity t10 f} isExiting}
03-20 10:33:32.027   661   769 W libbinder.IPCThreadState: Sending oneway calls to frozen process.
03-20 10:33:32.066   819  1044 D InetDiagMessage: Destroyed 0 sockets, proto=IPPROTO_TCP, family=AF_INET6, states=14
03-20 10:33:32.067   819  1044 D InetDiagMessage: Destroyed live tcp sockets for uids={10220} in 248ms
03-20 10:33:32.084   819  1044 D InetDiagMessage: Destroyed 0 sockets, proto=IPPROTO_TCP, family=AF_INET, states=14
03-20 10:33:32.088   819  1099 D BackgroundInstallControlService: Package event received: 0
03-20 10:33:32.090   819  1099 D BackgroundInstallControlService: Package event received: 0
03-20 10:33:32.105   819  1099 D BackgroundInstallControlService: Package event received: 0
03-20 10:33:32.105   819  1044 D InetDiagMessage: Destroyed 0 sockets, proto=IPPROTO_TCP, family=AF_INET6, states=14
03-20 10:33:32.106   819  1044 D InetDiagMessage: Destroyed live tcp sockets for uids={20220} in 33ms
03-20 10:33:32.172   819   878 W Looper  : Slow dispatch took 194ms android.ui app=system_server main=false group=TOP_APP h=com.android.server.am.ActivityManagerService$UiHandler c=com.android.server.am.UidObserverController$$ExternalSyntheticLambda0@81cdcd5 m=0
03-20 10:33:32.490  5598  5598 I Choreographer: Skipped 35 frames!  The application may be doing too much work on its main thread.
03-20 10:33:32.534  5708  5824 E ashmem  : readlink(/proc/self/fd/92) failed: Operation not permitted
03-20 10:33:32.539  5708  5824 E ashmem  : readlink(/proc/self/fd/111) failed: Operation not permitted
03-20 10:33:32.565  5708  5824 E ashmem  : readlink(/proc/self/fd/113) failed: Operation not permitted
03-20 10:33:32.987  5598  5640 I HWUI    : Davey! duration=1054ms; Flags=0, FrameTimelineVsyncId=67682, IntendedVsync=1780189428546, Vsync=1780772761856, InputEventId=0, HandleInputStart=1780792180738, AnimationStart=1780792252938, PerformTraversalsStart=1780822660338, DrawStart=1780822911338, FrameDeadline=1780622761862, FrameStartTime=1780779572538, FrameInterval=16666666, WorkloadTarget=16666666, SyncQueued=1780830473338, SyncStart=1780830583438, IssueDrawCommandsStart=1780830748738, SwapBuffers=1781211532938, FrameCompleted=1781244187438, DequeueBufferDuration=14305900, QueueBufferDuration=477900, GpuCompleted=1781244187438, SwapBuffersCompleted=1781229693238, DisplayPresentTime=0, CommandSubmissionCompleted=1781211532938, 
03-20 10:33:33.002  1147  1159 V WindowManagerShell: onTransitionReady(transaction=3517578216766)
03-20 10:33:33.006  1147  1239 V WindowManagerShell: onTransitionReady (#16) android.os.BinderProxy@fce3d50: {id=16 t=CLOSE f=0x10 trk=0 r=[0@Point(0, 0)] c=[
03-20 10:33:33.006  1147  1239 V WindowManagerShell:         {m=TO_FRONT f=MOVE_TO_TOP leash=Surface(name=Task=7#108)/@0xcf55c4e sb=Rect(0, 0 - 1080, 2400) eb=Rect(0, 0 - 1080, 2400) epz=Point(1080, 2400) d=0 taskParent=-1 winMode=1 userId=0},
03-20 10:33:33.006  1147  1239 V WindowManagerShell:         {m=CLOSE f=NONE leash=Surface(name=Task=10#181)/@0x8ec416f sb=Rect(0, 0 - 1080, 2400) eb=Rect(0, 0 - 1080, 2400) epz=Point(1080, 2400) d=0 taskParent=-1 winMode=1 userId=0}
03-20 10:33:33.006  1147  1239 V WindowManagerShell:     ]}
03-20 10:33:33.009  1147  1239 V WindowManagerShell: Playing animation for (#16) android.os.BinderProxy@fce3d50@0
03-20 10:33:33.013  1147  1239 V ShellRecents: RecentsTransitionHandler.startAnimation: no controller found
03-20 10:33:33.015  1147  1239 V WindowManagerShell: Transition doesn't have explicit remote, search filters for match for {id=16 t=CLOSE f=0x10 trk=0 r=[0@Point(0, 0)] c=[{m=TO_FRONT f=MOVE_TO_TOP leash=Surface(name=Task=7#108)/@0xcf55c4e sb=Rect(0, 0 - 1080, 2400) eb=Rect(0, 0 - 1080, 2400) epz=Point(1080, 2400) d=0 taskParent=-1 winMode=1 userId=0},{m=CLOSE f=NONE leash=Surface(name=Task=10#181)/@0x8ec416f sb=Rect(0, 0 - 1080, 2400) eb=Rect(0, 0 - 1080, 2400) epz=Point(1080, 2400) d=0 taskParent=-1 winMode=1 userId=0}]}
03-20 10:33:33.016  1147  1239 V WindowManagerShell:  Checking filter Pair{{types=[] flags=0x0] notFlags=0x0 checks=[{atype=undefined independent=true modes=[CLOSE,TO_BACK] flags=IN_TASK_WITH_EMBEDDED_ACTIVITY mustBeTask=false order=ANY topActivity=null launchCookie=null taskFragmentToken=android.os.BinderProxy@54e480a windowingMode=undefined isCrossDisplayMove=false}]} RemoteTransition { remoteTransition = android.window.IRemoteTransition$Stub$Proxy@e03e87b, appThread = android.app.IApplicationThread$Stub$Proxy@2a1a698, debugName = overlayBackTransition }}
03-20 10:33:33.032  1147  1239 V WindowManagerShell:  Checking filter Pair{{types=[] flags=0x0] notFlags=0x0 checks=[{atype=dream independent=true modes=[OPEN,TO_FRONT] flags=NONE mustBeTask=false order=ANY topActivity=null launchCookie=null windowingMode=undefined isCrossDisplayMove=false},{atype=home independent=true modes=[CLOSE,TO_BACK] flags=NONE mustBeTask=false order=ANY topActivity=null launchCookie=null windowingMode=undefined isCrossDisplayMove=false}]} RemoteTransition { remoteTransition = android.window.IRemoteTransition$Stub$Proxy@1266ef1, appThread = android.app.IApplicationThread$Stub$Proxy@290dad6, debugName = LauncherToDream }}
03-20 10:33:33.037  1147  1239 V WindowManagerShell:  Checking filter Pair{{types=[] flags=0x0] notFlags=0x100 checks=[{atype=home independent=true modes=[OPEN,TO_FRONT] flags=NONE mustBeTask=false order=TOP topActivity=ComponentInfo{com.google.android.apps.nexuslauncher/com.google.android.apps.nexuslauncher.NexusLauncherActivity} launchCookie=null windowingMode=undefined isCrossDisplayMove=false},{atype=standard independent=true modes=[CLOSE,TO_BACK] flags=NONE mustBeTask=false order=ANY topActivity=null launchCookie=null windowingMode=undefined isCrossDisplayMove=false},{NOT atype=undefined independent=true modes=[] flags=NONE mustBeTask=true order=ANY topActivity=null launchCookie=null customAnim=true windowingMode=undefined isCrossDisplayMove=false}]} RemoteTransition { remoteTransition = android.window.IRemoteTransition$Stub$Proxy@1de9157, appThread = android.app.IApplicationThread$Stub$Proxy@c569444, debugName = QuickstepLaunchHome }}
03-20 10:33:33.037  1147  1239 V WindowManagerShell:  Delegate animation for (#16) to null
03-20 10:33:33.066  1147  1239 V WindowManagerShell: start default transition animation, info = {id=16 t=CLOSE f=0x10 trk=0 r=[0@Point(0, 0)] c=[{m=TO_FRONT f=MOVE_TO_TOP leash=Surface(name=Task=7#108)/@0xcf55c4e sb=Rect(0, 0 - 1080, 2400) eb=Rect(0, 0 - 1080, 2400) epz=Point(1080, 2400) d=0 taskParent=-1 winMode=1 userId=0},{m=CLOSE f=NONE leash=Surface(name=Task=10#181)/@0x8ec416f sb=Rect(0, 0 - 1080, 2400) eb=Rect(0, 0 - 1080, 2400) epz=Point(1080, 2400) d=0 taskParent=-1 winMode=1 userId=0}]}
03-20 10:33:33.068  1147  1239 V WindowManagerShell: loadAnimation: anim=android.view.animation.AnimationSet@94eef5a animAttr=0xb type=CLOSE isEntrance=false
03-20 10:33:33.082  1147  1239 V WindowManagerShell: loadAnimation: anim=android.view.animation.AnimationSet@c2c6668 animAttr=0xa type=CLOSE isEntrance=true
03-20 10:33:33.101   819   877 V WindowManager: Sent Transition (#16) createdAt=03-20 10:33:31.380 via request=TransitionRequestInfo { type = CLOSE, triggerTask = TaskInfo{userId=0 taskId=10 effectiveUid=10220 displayId=0 isRunning=true baseIntent=Intent { flg=0x10000000 cmp=com.amoravibe.app/.MainActivity } baseActivity=ComponentInfo{com.amoravibe.app/com.amoravibe.app.MainActivity} topActivity=ComponentInfo{com.amoravibe.app/com.amoravibe.app.MainActivity} origActivity=null realActivity=ComponentInfo{com.amoravibe.app/com.amoravibe.app.MainActivity} numActivities=1 lastActiveTime=1774436 supportsMultiWindow=true resizeMode=1 isResizeable=true minWidth=-1 minHeight=-1 defaultMinSize=220 token=WCT{RemoteToken{8f5413b Task{223527 #10 type=standard A=10220:com.amoravibe.app}}} topActivityType=1 pictureInPictureParams=null shouldDockBigOverlays=false launchIntoPipHostTaskId=-1 lastParentTaskIdBeforePip=-1 displayCutoutSafeInsets=Rect(0, 0 - 0, 0) topActivityInfo=ActivityInfo{8eef058 com.amoravibe.app.MainActivity} launchCookies=[] positionInParent=Point(0, 0) parentTaskId=-1 isFocused=true isVisible=true isVisibleRequested=true isTopActivityNoDisplay=false isSleeping=false locusId=null displayAreaFeatureId=1 isTopActivityTransparent=false isActivityStackTransparent=false lastNonFullscreenBounds=null capturedLink=null capturedLinkTimestamp=0 requestedVisibleTypes=503 topActivityRequestOpenInBrowserEducationTimestamp=0 appCompatTaskInfo=AppCompatTaskInfo { topActivityInSizeCompat=false isLeafTask= true eligibleForLetterboxEducation= false isLetterboxEducationEnabled= true isLetterboxDoubleTapEnabled= false eligibleForUserAspectRatioButton= false topActivityBoundsLetterboxed= false isFromLetterboxDoubleTap= false topActivityLetterboxVerticalPosition= -1 topActivityLetterboxHorizontalPosition= -1 topActivityLetterboxWidth=-1 topActivityLetterboxHeight=-1 topActivityAppBounds=Rect(0, 0 - 1080, 2400) isUserFullscreenOverrideEnabled=false isSystemFullscreenOverrideEnabled=false hasMinAspectRatioOverride=false topActivityLetterboxBounds=null cameraCompatTaskInfo=CameraCompatTaskInfo { cameraCompatMode=inactive0} topNonResizableActivityAspectRatio=-1.0} topActivityMainWindowFrame=null isAppBubble=false}, pipChange = null, remoteTransition = null, displayChange = null, requestedLocation = null, userChange = null, windowingLayerChange = null, flags = 16, debugId = 16 }
03-20 10:33:33.101   819   877 V WindowManager:     startWCT=WindowContainerTransaction { changes= {} hops= [] errorCallbackToken=null taskFragmentOrganizer=null }
03-20 10:33:33.106   819   877 V WindowManager:     info={id=16 t=CLOSE f=0x10 trk=0 r=[0@Point(0, 0)] c=[
03-20 10:33:33.106   819   877 V WindowManager:         {WCT{RemoteToken{9c8ec84 Task{d613c17 #7 type=standard A=10219:com.poscheckout.app}}} m=TO_FRONT f=MOVE_TO_TOP leash=Surface(name=Task=7#108)/@0x59d4654 sb=Rect(0, 0 - 1080, 2400) eb=Rect(0, 0 - 1080, 2400) epz=Point(1080, 2400) d=0 taskParent=-1 winMode=1 userId=0},
03-20 10:33:33.106   819   877 V WindowManager:         {WCT{RemoteToken{8f5413b Task{223527 #10 type=standard A=10220:com.amoravibe.app}}} m=CLOSE f=NONE leash=Surface(name=Task=10#181)/@0x34aa96c sb=Rect(0, 0 - 1080, 2400) eb=Rect(0, 0 - 1080, 2400) epz=Point(1080, 2400) d=0 taskParent=-1 winMode=1 userId=0}
03-20 10:33:33.106   819   877 V WindowManager:     ]}
03-20 10:33:33.111  1147  1239 V WindowManagerShell:  animated by com.android.wm.shell.transition.DefaultTransitionHandler@66aba00
03-20 10:33:33.219   819   845 I system_server: Background young concurrent mark compact GC freed 20MB AllocSpace bytes, 59(1204KB) LOS objects, 40% free, 34MB/57MB, paused 16.237ms,40.751ms total 6.409s
03-20 10:33:33.649  1147  1239 V WindowManagerShell: Transition animation finished (aborted=false), notifying core (#16) android.os.BinderProxy@fce3d50@0
03-20 10:33:33.682   819   877 V WindowManager: Finish Transition (#16): created at 03-20 10:33:31.380 collect-started=2.731ms request-sent=4.209ms started=192.798ms ready=439.295ms sent=1524.472ms commit=226.489ms finished=2284.148ms
03-20 10:33:33.693   819  1208 E libbinder.IPCThreadState: Binder transaction failure. id: 482973, cmd: BR_DEAD_REPLY (29189), error: -22 (Invalid argument)
03-20 10:33:33.698   819  1208 W ActivityManager: pid 819 system sent binder code 7 with flags 1 and got error -32
03-20 10:33:33.700   819  1208 W WindowManager: Exception thrown during dispatchAppVisibility Window{7297ab8 u0 com.amoravibe.app/com.amoravibe.app.MainActivity EXITING}
03-20 10:33:33.700   819  1208 W WindowManager: android.os.DeadObjectException
03-20 10:33:33.700   819  1208 W WindowManager: 	at android.os.BinderProxy.transactNative(Native Method)
03-20 10:33:33.700   819  1208 W WindowManager: 	at android.os.BinderProxy.transact(BinderProxy.java:599)
03-20 10:33:33.700   819  1208 W WindowManager: 	at android.view.IWindow$Stub$Proxy.dispatchAppVisibility(IWindow.java:535)
03-20 10:33:33.700   819  1208 W WindowManager: 	at com.android.server.wm.WindowState.sendAppVisibilityToClients(WindowState.java:3266)
03-20 10:33:33.700   819  1208 W WindowManager: 	at com.android.server.wm.WindowContainer.sendAppVisibilityToClients(WindowContainer.java:1218)
03-20 10:33:33.700   819  1208 W WindowManager: 	at com.android.server.wm.WindowToken.setClientVisible(WindowToken.java:394)
03-20 10:33:33.700   819  1208 W WindowManager: 	at com.android.server.wm.ActivityRecord.commitVisibility(ActivityRecord.java:5626)
03-20 10:33:33.700   819  1208 W WindowManager: 	at com.android.server.wm.Transition.finishTransition(Transition.java:1500)
03-20 10:33:33.700   819  1208 W WindowManager: 	at com.android.server.wm.TransitionController.finishTransition(TransitionController.java:1096)
03-20 10:33:33.700   819  1208 W WindowManager: 	at com.android.server.wm.WindowOrganizerController.finishTransition(WindowOrganizerController.java:518)
03-20 10:33:33.700   819  1208 W WindowManager: 	at android.window.IWindowOrganizerController$Stub.onTransact(IWindowOrganizerController.java:270)
03-20 10:33:33.700   819  1208 W WindowManager: 	at com.android.server.wm.WindowOrganizerController.onTransact(WindowOrganizerController.java:233)
03-20 10:33:33.700   819  1208 W WindowManager: 	at android.os.Binder.execTransactInternal(Binder.java:1473)
03-20 10:33:33.700   819  1208 W WindowManager: 	at android.os.Binder.execTransact(Binder.java:1418)
03-20 10:33:33.700   819  1208 W Process : Unable to open /proc/6895/status
03-20 10:33:33.776   819  1208 I ImeTracker: system_server:419f5026: onRequestHide at ORIGIN_SERVER reason IME_REQUESTED_CHANGED_LISTENER fromUser false
03-20 10:33:33.780   819   880 I ImeTracker: system_server:419f5026: onCancelled at PHASE_SERVER_SHOULD_HIDE
03-20 10:33:33.865  1147  1239 V WindowManagerShell: Track 0 became idle
03-20 10:33:33.865  1147  1239 V WindowManagerShell: All active transition animations finished
03-20 10:33:33.894  1292  1292 D RecentsView: onTaskRemoved: 10, not handling task stack changes
03-20 10:33:33.896  1292  1292 D RecentsView: onTaskRemoved: 10, not handling task stack changes
03-20 10:33:33.971  1147  1239 V ShellTaskOrganizer: Task vanished taskId=10
03-20 10:33:33.973   621   621 E BpTransactionCompletedListener: Failed to transact (-32)
03-20 10:33:33.974  1147  1239 V ShellTaskOrganizer: Fullscreen Task Vanished: #10
03-20 10:33:33.976  1147  1239 D ShellDesktopMode: AppToWebRepository: Task 10 is vanishing. Removing task data from repository
03-20 10:33:33.977  1292  1292 D b/417220811: invalidateLoadedTasks - previous requestLoadId: -1
03-20 10:33:34.048   819  1121 W ImageReader_JNI: Unable to acquire a buffer item, very likely client tried to acquire more than maxImages buffers
03-20 10:33:34.392  5598  5598 I Choreographer: Skipped 78 frames!  The application may be doing too much work on its main thread.
03-20 10:33:34.422  5598  5640 I HWUI    : Davey! duration=1861ms; Flags=0, FrameTimelineVsyncId=67724, IntendedVsync=1780822774808, Vsync=1781106108113, InputEventId=0, HandleInputStart=1781162129238, AnimationStart=1781162187838, PerformTraversalsStart=1781222449838, DrawStart=1781222756438, FrameDeadline=1781272761836, FrameStartTime=1781121088138, FrameInterval=16666665, WorkloadTarget=16666666, SyncQueued=1781229331838, SyncStart=1781236029038, IssueDrawCommandsStart=1781236101738, SwapBuffers=1782657756938, FrameCompleted=1782690872638, DequeueBufferDuration=138100, QueueBufferDuration=1548600, GpuCompleted=1782690872638, SwapBuffersCompleted=1782662830738, DisplayPresentTime=0, CommandSubmissionCompleted=1782657756938, 
03-20 10:33:34.567  2868  2868 I GoogleInputMethodService: GoogleInputMethodService.onFinishInput():2057 
03-20 10:33:34.573   819  1515 I ImeTracker: system_server:ca24c6b9: onRequestHide at ORIGIN_SERVER reason IME_REQUESTED_CHANGED_LISTENER fromUser false
03-20 10:33:34.573  2868  2868 I Module  : DeviceLockedStatusModuleProvider$Module.updateDeviceLockedStatus():100 repeatCheckTimes = 0, locked = false
03-20 10:33:34.590   819   880 I ImeTracker: system_server:ca24c6b9: onCancelled at PHASE_SERVER_SHOULD_HIDE
03-20 10:33:34.646  2868  2868 I GoogleInputMethodService: GoogleInputMethodService.onStartInput():1318 onStartInput(EditorInfo{EditorInfo{packageName=com.poscheckout.app, inputType=e1, inputTypeString=WebPassword[], enableLearning=false, autoCorrection=false, autoComplete=true, imeOptions=12000002, privateImeOptions=null, actionName=GO, actionLabel=null, initialSelStart=0, initialSelEnd=0, initialCapsMode=0, label=null, fieldId=2131231171, fieldName=null, extras=null, hintText=null, hintLocales=[]}}, false)
03-20 10:33:34.678  2868  2868 I HardKeyTracker: HardKeyTracker.unregisterKeySequence():221 Unregister key sequence nef{labelResId=0, callback=gdc@6f499d2, lastModifier=0, keyCodes=[57, 57], actions=[1, 0]}
03-20 10:33:34.681  5598  5640 I HWUI    : Davey! duration=1542ms; Flags=0, FrameTimelineVsyncId=67769, IntendedVsync=1781372761832, Vsync=1782672761780, InputEventId=0, HandleInputStart=1782715046738, AnimationStart=1782715340338, PerformTraversalsStart=1782775970538, DrawStart=1782779653038, FrameDeadline=1782789442720, FrameStartTime=1782682162338, FrameInterval=16666666, WorkloadTarget=16666666, SyncQueued=1782786759138, SyncStart=1782786863038, IssueDrawCommandsStart=1782786953338, SwapBuffers=1782873746638, FrameCompleted=1782915262438, DequeueBufferDuration=84600, QueueBufferDuration=1174800, GpuCompleted=1782915262438, SwapBuffersCompleted=1782885197438, DisplayPresentTime=0, CommandSubmissionCompleted=1782873746638, 
03-20 10:33:34.683  2868  2868 I HardKeyTracker: HardKeyTracker.unregisterKeySequence():221 Unregister key sequence nef{labelResId=0, callback=gdc@e752159, lastModifier=0, keyCodes=[58, 58], actions=[1, 0]}
03-20 10:33:34.700  2868  2868 I Module  : DeviceLockedStatusModuleProvider$Module.updateDeviceLockedStatus():100 repeatCheckTimes = 1, locked = false
03-20 10:33:34.703  2868  2868 W NotificationCenter: NotificationCenter$NotificationQueue.notifyPendingNotificationsOnExecutor():877 Heavy notify work detected on UI thread: [ltj->jtc, ltj->jtc, ltj->jtc, ltj->jqp, ltj->jtc, ltj->jtc, ltj->jtc, ltj->jtc, ltj->jup, ltj->fum, ltj->fwu, ltj->kya, ltj->jtc, ltj->jtc, ltj->jtc, ltj->jtc, ltj->guu, ltj->jtc, ltj->lsn, ltj->nuz, ltj->lse, ltj->jtc, ltj->ngp, ltj->jtc] takes 26ms
03-20 10:33:34.711   819   950 W PackageConfigPersister: App-specific configuration not found for packageName: com.poscheckout.app and userId: 0
03-20 10:33:34.779   819  1038 I HalDevMgr: bestIfaceCreationProposal is null, requestIface=STA, existingIface=[name=wlan0 type=STA]
03-20 10:33:34.958   819   880 W ProcessStats: Tracking association SourceState{1ad7c53 system/1000 BFgs #4812} whose proc state 4 is better than process ProcessState{b3e5488 com.google.android.ext.services/10214 pkg=com.google.android.ext.services} proc state 14 (5 skipped)
03-20 10:33:35.057   819  1771 E TaskPersister: File error accessing recents directory (directory doesn't exist?).
03-20 10:33:36.417  1281  1434 D SatelliteController: iisInCarrierRoamingNbIotNtn: satellite is disabled
03-20 10:33:36.422  1281  1434 D SatelliteController: getCarrierRoamingNtnConnectType: Falling back to global carrier config connect type: 0
03-20 10:33:37.818   819  1038 I HalDevMgr: bestIfaceCreationProposal is null, requestIface=STA, existingIface=[name=wlan0 type=STA]
03-20 10:33:40.862   819  1038 I HalDevMgr: bestIfaceCreationProposal is null, requestIface=STA, existingIface=[name=wlan0 type=STA]
03-20 10:33:43.968   819  1038 I HalDevMgr: bestIfaceCreationProposal is null, requestIface=STA, existingIface=[name=wlan0 type=STA]
03-20 10:33:46.421  1281  1434 D SatelliteController: iisInCarrierRoamingNbIotNtn: satellite is disabled
03-20 10:33:46.427  1281  1434 D SatelliteController: getCarrierRoamingNtnConnectType: Falling back to global carrier config connect type: 0
03-20 10:33:47.019   819  1038 I HalDevMgr: bestIfaceCreationProposal is null, requestIface=STA, existingIface=[name=wlan0 type=STA]
03-20 10:33:50.058   819  1038 I HalDevMgr: bestIfaceCreationProposal is null, requestIface=STA, existingIface=[name=wlan0 type=STA]
03-20 10:33:53.123   819  1038 I HalDevMgr: bestIfaceCreationProposal is null, requestIface=STA, existingIface=[name=wlan0 type=STA]
03-20 10:33:53.597   819  1515 D TelephonyManager: requestModemActivityInfo: Sending result to app: ModemActivityInfo{ mTimestamp=1801843 mSleepTimeMs=126 mIdleTimeMs=42 mActivityStatsTechSpecificInfo=[{mRat=UNKNOWN,mFrequencyRange=UNKNOWN,mTxTimeMs[]=[3, 9, 18, 24, 27],mRxTimeMs=27}]}
03-20 10:33:56.178   819  1038 I HalDevMgr: bestIfaceCreationProposal is null, requestIface=STA, existingIface=[name=wlan0 type=STA]
03-20 10:33:56.431  1281  1434 D SatelliteController: iisInCarrierRoamingNbIotNtn: satellite is disabled
03-20 10:33:56.433  1281  1434 D SatelliteController: getCarrierRoamingNtnConnectType: Falling back to global carrier config connect type: 0
03-20 10:33:59.281   819  1038 I HalDevMgr: bestIfaceCreationProposal is null, requestIface=STA, existingIface=[name=wlan0 type=STA]
03-20 10:34:02.340   819  1038 I HalDevMgr: bestIfaceCreationProposal is null, requestIface=STA, existingIface=[name=wlan0 type=STA]
03-20 10:34:02.536  5708  5858 E ashmem  : readlink(/proc/self/fd/92) failed: Operation not permitted
03-20 10:34:05.366   819  1038 I HalDevMgr: bestIfaceCreationProposal is null, requestIface=STA, existingIface=[name=wlan0 type=STA]
03-20 10:34:06.448  1281  1434 D SatelliteController: iisInCarrierRoamingNbIotNtn: satellite is disabled
03-20 10:34:06.450  1281  1434 D SatelliteController: getCarrierRoamingNtnConnectType: Falling back to global carrier config connect type: 0
03-20 10:34:07.809  1257  1441 I bluetooth: system/gd/hci/le_address_manager.cc:581 GetNextPrivateAddressIntervalRange: client=LeAddressManager, nonwake=8m12s, wake=13m0s
03-20 10:34:07.956  1257  1441 I bluetooth: system/gd/hci/le_address_manager.cc:782 OnCommandComplete: Received command complete with op_code LE_SET_RANDOM_ADDRESS(0x2005)
03-20 10:34:07.961  1257  1441 I bluetooth: system/gd/hci/le_address_manager.cc:802 OnCommandComplete: update random address : xx:xx:xx:xx:f5:b8
03-20 10:34:07.962  1257  1441 I bluetooth: system/gd/hci/le_address_manager.cc:397 resume_registered_clients: Resuming registered clients
03-20 10:34:07.963  1257  1441 I bluetooth: system/gd/hci/le_scanning_manager_impl.cc:623 stop_scan: Scanning already stopped, return!
03-20 10:34:08.396   819  1038 I HalDevMgr: bestIfaceCreationProposal is null, requestIface=STA, existingIface=[name=wlan0 type=STA]
03-20 10:34:11.441   819  1038 I HalDevMgr: bestIfaceCreationProposal is null, requestIface=STA, existingIface=[name=wlan0 type=STA]
03-20 10:34:11.542  1281  1287 W m.android.phone: Suspending all threads took: 8.207ms
03-20 10:34:14.499   819  1038 I HalDevMgr: bestIfaceCreationProposal is null, requestIface=STA, existingIface=[name=wlan0 type=STA]
03-20 10:34:16.458  1281  1434 D SatelliteController: iisInCarrierRoamingNbIotNtn: satellite is disabled
03-20 10:34:16.466  1281  1434 D SatelliteController: getCarrierRoamingNtnConnectType: Falling back to global carrier config connect type: 0
03-20 10:34:17.552   819  1038 I HalDevMgr: bestIfaceCreationProposal is null, requestIface=STA, existingIface=[name=wlan0 type=STA]
03-20 10:34:20.369   819  1208 D WifiNl80211Manager: Scan result ready event
03-20 10:34:20.370   819  1208 D WifiNative: Scan result ready event
03-20 10:34:20.420  1486  4647 I WifiScanner: onFullResults
03-20 10:34:20.425  1486  1496 I WifiScanner: onFullResults
03-20 10:34:20.458   819  1038 I HalDevMgr: bestIfaceCreationProposal is null, requestIface=STA, existingIface=[name=wlan0 type=STA]
03-20 10:34:20.579   819   900 D KernelCpuUidUserSysTimeReader: Removing uids 90000-90000
03-20 10:34:20.580   819   900 D KernelCpuUidUserSysTimeReader: Removing uids 90000-90000
03-20 10:34:20.580  1240  1371 W AlarmManager: Unrecognized alarm listener com.android.networkstack.android.net.ip.IpClientLinkObserver$Dhcp6PdPreferredPrefixAlarmListener@161cffd
03-20 10:34:20.586   819   900 D KernelCpuUidUserSysTimeReader: Removing uids 90000-90000
03-20 10:34:20.610  1240  1371 D ApfFilter: (wlan0): Adding RA fe80::2 -> ff02::1 1800s fec0::/64 86400s/14400s 
03-20 10:34:20.628   819  1038 I HalDevMgr: bestIfaceCreationProposal is null, requestIface=STA, existingIface=[name=wlan0 type=STA]
03-20 10:34:23.702   819  1038 I HalDevMgr: bestIfaceCreationProposal is null, requestIface=STA, existingIface=[name=wlan0 type=STA]
03-20 10:34:26.472  1281  1434 D SatelliteController: iisInCarrierRoamingNbIotNtn: satellite is disabled
03-20 10:34:26.480  1281  1434 D SatelliteController: getCarrierRoamingNtnConnectType: Falling back to global carrier config connect type: 0
03-20 10:34:26.764   819  1038 I HalDevMgr: bestIfaceCreationProposal is null, requestIface=STA, existingIface=[name=wlan0 type=STA]
03-20 10:34:29.813   819  1038 I HalDevMgr: bestIfaceCreationProposal is null, requestIface=STA, existingIface=[name=wlan0 type=STA]
03-20 10:34:32.861   819  1038 I HalDevMgr: bestIfaceCreationProposal is null, requestIface=STA, existingIface=[name=wlan0 type=STA]
03-20 10:34:35.672   819   900 D KernelCpuUidUserSysTimeReader: Removing uids 90001-90001
03-20 10:34:35.909   819  1038 I HalDevMgr: bestIfaceCreationProposal is null, requestIface=STA, existingIface=[name=wlan0 type=STA]
03-20 10:34:36.485  1281  1434 D SatelliteController: iisInCarrierRoamingNbIotNtn: satellite is disabled
03-20 10:34:36.495  1281  1434 D SatelliteController: getCarrierRoamingNtnConnectType: Falling back to global carrier config connect type: 0
03-20 10:34:38.958   819  1038 I HalDevMgr: bestIfaceCreationProposal is null, requestIface=STA, existingIface=[name=wlan0 type=STA]
03-20 10:34:42.013   819  1038 I HalDevMgr: bestIfaceCreationProposal is null, requestIface=STA, existingIface=[name=wlan0 type=STA]
03-20 10:34:45.082   819  1038 I HalDevMgr: bestIfaceCreationProposal is null, requestIface=STA, existingIface=[name=wlan0 type=STA]
03-20 10:34:46.489  1281  1434 D SatelliteController: iisInCarrierRoamingNbIotNtn: satellite is disabled
03-20 10:34:46.494  1281  1434 D SatelliteController: getCarrierRoamingNtnConnectType: Falling back to global carrier config connect type: 0
03-20 10:34:48.194   819  1038 I HalDevMgr: bestIfaceCreationProposal is null, requestIface=STA, existingIface=[name=wlan0 type=STA]
03-20 10:34:51.262   819  1038 I HalDevMgr: bestIfaceCreationProposal is null, requestIface=STA, existingIface=[name=wlan0 type=STA]
03-20 10:34:52.582  1673  1945 I dfcq    : (REDACTED) Probing voice interaction service recovery for condition(%s).
03-20 10:34:52.634  1673  1945 I dfcq    : (REDACTED) Skipping voice interaction service recovery(%s) for condition(%s).
03-20 10:34:52.636  1673  1945 I dfcq    : (REDACTED) Skipping voice interaction service recovery(%s) for condition(%s).
03-20 10:34:54.353   819  1038 I HalDevMgr: bestIfaceCreationProposal is null, requestIface=STA, existingIface=[name=wlan0 type=STA]
03-20 10:34:56.503  1281  1434 D SatelliteController: iisInCarrierRoamingNbIotNtn: satellite is disabled
03-20 10:34:56.513  1281  1434 D SatelliteController: getCarrierRoamingNtnConnectType: Falling back to global carrier config connect type: 0
03-20 10:34:57.428   819  1038 I HalDevMgr: bestIfaceCreationProposal is null, requestIface=STA, existingIface=[name=wlan0 type=STA]
03-20 10:35:00.515   819  1038 I HalDevMgr: bestIfaceCreationProposal is null, requestIface=STA, existingIface=[name=wlan0 type=STA]
03-20 10:35:03.609   819  1038 I HalDevMgr: bestIfaceCreationProposal is null, requestIface=STA, existingIface=[name=wlan0 type=STA]
03-20 10:35:06.510  1281  1434 D SatelliteController: iisInCarrierRoamingNbIotNtn: satellite is disabled
03-20 10:35:06.513  1281  1434 D SatelliteController: getCarrierRoamingNtnConnectType: Falling back to global carrier config connect type: 0
03-20 10:35:06.686   819  1038 I HalDevMgr: bestIfaceCreationProposal is null, requestIface=STA, existingIface=[name=wlan0 type=STA]
03-20 10:35:09.846   819  1038 I HalDevMgr: bestIfaceCreationProposal is null, requestIface=STA, existingIface=[name=wlan0 type=STA]
03-20 10:35:12.941   819  1038 I HalDevMgr: bestIfaceCreationProposal is null, requestIface=STA, existingIface=[name=wlan0 type=STA]
03-20 10:35:15.980   819  1038 I HalDevMgr: bestIfaceCreationProposal is null, requestIface=STA, existingIface=[name=wlan0 type=STA]
03-20 10:35:16.520  1281  1434 D SatelliteController: iisInCarrierRoamingNbIotNtn: satellite is disabled
03-20 10:35:16.523  1281  1434 D SatelliteController: getCarrierRoamingNtnConnectType: Falling back to global carrier config connect type: 0
03-20 10:35:19.025   819  1038 I HalDevMgr: bestIfaceCreationProposal is null, requestIface=STA, existingIface=[name=wlan0 type=STA]
03-20 10:35:22.059   819  1038 I HalDevMgr: bestIfaceCreationProposal is null, requestIface=STA, existingIface=[name=wlan0 type=STA]
03-20 10:35:25.109   819  1038 I HalDevMgr: bestIfaceCreationProposal is null, requestIface=STA, existingIface=[name=wlan0 type=STA]
03-20 10:35:26.523  1281  1434 D SatelliteController: iisInCarrierRoamingNbIotNtn: satellite is disabled
03-20 10:35:26.524  1281  1434 D SatelliteController: getCarrierRoamingNtnConnectType: Falling back to global carrier config connect type: 0
03-20 10:35:28.130   819  1038 I HalDevMgr: bestIfaceCreationProposal is null, requestIface=STA, existingIface=[name=wlan0 type=STA]
03-20 10:35:31.169   819  1038 I HalDevMgr: bestIfaceCreationProposal is null, requestIface=STA, existingIface=[name=wlan0 type=STA]
03-20 10:35:34.249   819  1038 I HalDevMgr: bestIfaceCreationProposal is null, requestIface=STA, existingIface=[name=wlan0 type=STA]
03-20 10:35:36.543  1281  1434 D SatelliteController: iisInCarrierRoamingNbIotNtn: satellite is disabled
03-20 10:35:36.552  1281  1434 D SatelliteController: getCarrierRoamingNtnConnectType: Falling back to global carrier config connect type: 0
03-20 10:35:37.339   819  1038 I HalDevMgr: bestIfaceCreationProposal is null, requestIface=STA, existingIface=[name=wlan0 type=STA]
03-20 10:35:40.445   819  1038 I HalDevMgr: bestIfaceCreationProposal is null, requestIface=STA, existingIface=[name=wlan0 type=STA]
03-20 10:35:43.548   819  1038 I HalDevMgr: bestIfaceCreationProposal is null, requestIface=STA, existingIface=[name=wlan0 type=STA]
03-20 10:35:46.548  1281  1434 D SatelliteController: iisInCarrierRoamingNbIotNtn: satellite is disabled
03-20 10:35:46.554  1281  1434 D SatelliteController: getCarrierRoamingNtnConnectType: Falling back to global carrier config connect type: 0
03-20 10:35:46.673   819  1038 I HalDevMgr: bestIfaceCreationProposal is null, requestIface=STA, existingIface=[name=wlan0 type=STA]
03-20 10:35:49.793   819  1038 I HalDevMgr: bestIfaceCreationProposal is null, requestIface=STA, existingIface=[name=wlan0 type=STA]
03-20 10:35:52.944   819  1038 I HalDevMgr: bestIfaceCreationProposal is null, requestIface=STA, existingIface=[name=wlan0 type=STA]
03-20 10:35:56.054   819  1038 I HalDevMgr: bestIfaceCreationProposal is null, requestIface=STA, existingIface=[name=wlan0 type=STA]
03-20 10:35:56.561  1281  1434 D SatelliteController: iisInCarrierRoamingNbIotNtn: satellite is disabled
03-20 10:35:56.572  1281  1434 D SatelliteController: getCarrierRoamingNtnConnectType: Falling back to global carrier config connect type: 0
03-20 10:35:58.064  1147  1361 I QuickAccessWalletTile: QAW service is unavailable, recreating the wallet client.
03-20 10:35:58.904  1147  1361 D ControlsListingControllerImpl: Subscribing callback, service count: 0
03-20 10:35:58.924  1147  1361 D ControlsListingControllerImpl: Unsubscribing callback
03-20 10:35:59.148   819  1038 I HalDevMgr: bestIfaceCreationProposal is null, requestIface=STA, existingIface=[name=wlan0 type=STA]
03-20 10:36:02.230   819  1038 I HalDevMgr: bestIfaceCreationProposal is null, requestIface=STA, existingIface=[name=wlan0 type=STA]
03-20 10:36:05.304   819  1038 I HalDevMgr: bestIfaceCreationProposal is null, requestIface=STA, existingIface=[name=wlan0 type=STA]
03-20 10:36:06.570  1281  1434 D SatelliteController: iisInCarrierRoamingNbIotNtn: satellite is disabled
03-20 10:36:06.573  1281  1434 D SatelliteController: getCarrierRoamingNtnConnectType: Falling back to global carrier config connect type: 0
03-20 10:36:08.365   819  1038 I HalDevMgr: bestIfaceCreationProposal is null, requestIface=STA, existingIface=[name=wlan0 type=STA]
03-20 10:36:11.423   819  1038 I HalDevMgr: bestIfaceCreationProposal is null, requestIface=STA, existingIface=[name=wlan0 type=STA]
03-20 10:36:14.467   819  1038 I HalDevMgr: bestIfaceCreationProposal is null, requestIface=STA, existingIface=[name=wlan0 type=STA]
03-20 10:36:16.569  1281  1434 D SatelliteController: iisInCarrierRoamingNbIotNtn: satellite is disabled
03-20 10:36:16.573  1281  1434 D SatelliteController: getCarrierRoamingNtnConnectType: Falling back to global carrier config connect type: 0
03-20 10:36:17.516   819  1038 I HalDevMgr: bestIfaceCreationProposal is null, requestIface=STA, existingIface=[name=wlan0 type=STA]
03-20 10:36:20.566   819  1038 I HalDevMgr: bestIfaceCreationProposal is null, requestIface=STA, existingIface=[name=wlan0 type=STA]
03-20 10:36:23.614   819  1038 I HalDevMgr: bestIfaceCreationProposal is null, requestIface=STA, existingIface=[name=wlan0 type=STA]
03-20 10:36:26.572  1281  1434 D SatelliteController: iisInCarrierRoamingNbIotNtn: satellite is disabled
03-20 10:36:26.573  1281  1434 D SatelliteController: getCarrierRoamingNtnConnectType: Falling back to global carrier config connect type: 0
03-20 10:36:26.656   819  1038 I HalDevMgr: bestIfaceCreationProposal is null, requestIface=STA, existingIface=[name=wlan0 type=STA]
03-20 10:36:29.741   819  1038 I HalDevMgr: bestIfaceCreationProposal is null, requestIface=STA, existingIface=[name=wlan0 type=STA]
03-20 10:36:32.828   819  1038 I HalDevMgr: bestIfaceCreationProposal is null, requestIface=STA, existingIface=[name=wlan0 type=STA]
03-20 10:36:35.937   819  1038 I HalDevMgr: bestIfaceCreationProposal is null, requestIface=STA, existingIface=[name=wlan0 type=STA]
03-20 10:36:36.586  1281  1434 D SatelliteController: iisInCarrierRoamingNbIotNtn: satellite is disabled
03-20 10:36:36.596  1281  1434 D SatelliteController: getCarrierRoamingNtnConnectType: Falling back to global carrier config connect type: 0
03-20 10:36:39.019   819  1038 I HalDevMgr: bestIfaceCreationProposal is null, requestIface=STA, existingIface=[name=wlan0 type=STA]
03-20 10:36:42.118   819  1038 I HalDevMgr: bestIfaceCreationProposal is null, requestIface=STA, existingIface=[name=wlan0 type=STA]
03-20 10:36:45.269   819  1038 I HalDevMgr: bestIfaceCreationProposal is null, requestIface=STA, existingIface=[name=wlan0 type=STA]
03-20 10:36:46.585  1281  1434 D SatelliteController: iisInCarrierRoamingNbIotNtn: satellite is disabled
03-20 10:36:46.594  1281  1434 D SatelliteController: getCarrierRoamingNtnConnectType: Falling back to global carrier config connect type: 0
03-20 10:36:48.449   819  1038 I HalDevMgr: bestIfaceCreationProposal is null, requestIface=STA, existingIface=[name=wlan0 type=STA]
03-20 10:36:51.503   819  1038 I HalDevMgr: bestIfaceCreationProposal is null, requestIface=STA, existingIface=[name=wlan0 type=STA]
03-20 10:36:54.593   819  1038 I HalDevMgr: bestIfaceCreationProposal is null, requestIface=STA, existingIface=[name=wlan0 type=STA]
03-20 10:36:56.598  1281  1434 D SatelliteController: iisInCarrierRoamingNbIotNtn: satellite is disabled
03-20 10:36:56.613  1281  1434 D SatelliteController: getCarrierRoamingNtnConnectType: Falling back to global carrier config connect type: 0
03-20 10:36:57.732   819  1038 I HalDevMgr: bestIfaceCreationProposal is null, requestIface=STA, existingIface=[name=wlan0 type=STA]
03-20 10:37:00.350   819  1208 D WifiNl80211Manager: Scan result ready event
03-20 10:37:00.353   819  1208 D WifiNative: Scan result ready event
03-20 10:37:00.374  1486  1496 I WifiScanner: onFullResults
03-20 10:37:00.400  1486  4647 I WifiScanner: onFullResults
03-20 10:37:00.496   819  1038 I HalDevMgr: bestIfaceCreationProposal is null, requestIface=STA, existingIface=[name=wlan0 type=STA]
03-20 10:37:00.938   819  1038 I HalDevMgr: bestIfaceCreationProposal is null, requestIface=STA, existingIface=[name=wlan0 type=STA]
03-20 10:37:01.985  2868  3462 I PhenotypeProcessReaper: Memory state is: 200
03-20 10:37:04.045   819  1038 I HalDevMgr: bestIfaceCreationProposal is null, requestIface=STA, existingIface=[name=wlan0 type=STA]
03-20 10:37:06.605  1281  1434 D SatelliteController: iisInCarrierRoamingNbIotNtn: satellite is disabled
03-20 10:37:06.610  1281  1434 D SatelliteController: getCarrierRoamingNtnConnectType: Falling back to global carrier config connect type: 0
03-20 10:37:07.106   819  1038 I HalDevMgr: bestIfaceCreationProposal is null, requestIface=STA, existingIface=[name=wlan0 type=STA]
03-20 10:37:10.186   819  1038 I HalDevMgr: bestIfaceCreationProposal is null, requestIface=STA, existingIface=[name=wlan0 type=STA]
03-20 10:37:13.354   819  1038 I HalDevMgr: bestIfaceCreationProposal is null, requestIface=STA, existingIface=[name=wlan0 type=STA]
03-20 10:37:16.455   819  1038 I HalDevMgr: bestIfaceCreationProposal is null, requestIface=STA, existingIface=[name=wlan0 type=STA]
03-20 10:37:16.611  1281  1434 D SatelliteController: iisInCarrierRoamingNbIotNtn: satellite is disabled
03-20 10:37:16.613  1281  1434 D SatelliteController: getCarrierRoamingNtnConnectType: Falling back to global carrier config connect type: 0
03-20 10:37:19.571   819  1038 I HalDevMgr: bestIfaceCreationProposal is null, requestIface=STA, existingIface=[name=wlan0 type=STA]
03-20 10:37:22.712   819  1038 I HalDevMgr: bestIfaceCreationProposal is null, requestIface=STA, existingIface=[name=wlan0 type=STA]
03-20 10:37:25.816   819  1038 I HalDevMgr: bestIfaceCreationProposal is null, requestIface=STA, existingIface=[name=wlan0 type=STA]
03-20 10:37:26.628  1281  1434 D SatelliteController: iisInCarrierRoamingNbIotNtn: satellite is disabled
03-20 10:37:26.637  1281  1434 D SatelliteController: getCarrierRoamingNtnConnectType: Falling back to global carrier config connect type: 0
03-20 10:37:28.865   819  1038 I HalDevMgr: bestIfaceCreationProposal is null, requestIface=STA, existingIface=[name=wlan0 type=STA]
03-20 10:37:31.945   819  1038 I HalDevMgr: bestIfaceCreationProposal is null, requestIface=STA, existingIface=[name=wlan0 type=STA]
03-20 10:37:35.022   819   902 D AppOpHistoryHelper: MetricHandler reporting 105 records.
03-20 10:37:35.024   819  1038 I HalDevMgr: bestIfaceCreationProposal is null, requestIface=STA, existingIface=[name=wlan0 type=STA]
03-20 10:37:36.652  1281  1434 D SatelliteController: iisInCarrierRoamingNbIotNtn: satellite is disabled
03-20 10:37:36.672  1281  1434 D SatelliteController: getCarrierRoamingNtnConnectType: Falling back to global carrier config connect type: 0
03-20 10:37:38.110   819  1038 I HalDevMgr: bestIfaceCreationProposal is null, requestIface=STA, existingIface=[name=wlan0 type=STA]
03-20 10:37:41.209   819  1038 I HalDevMgr: bestIfaceCreationProposal is null, requestIface=STA, existingIface=[name=wlan0 type=STA]
03-20 10:37:44.322   819  1038 I HalDevMgr: bestIfaceCreationProposal is null, requestIface=STA, existingIface=[name=wlan0 type=STA]
03-20 10:37:46.651  1281  1434 D SatelliteController: iisInCarrierRoamingNbIotNtn: satellite is disabled
03-20 10:37:46.654  1281  1434 D SatelliteController: getCarrierRoamingNtnConnectType: Falling back to global carrier config connect type: 0
03-20 10:37:47.461   819  1038 I HalDevMgr: bestIfaceCreationProposal is null, requestIface=STA, existingIface=[name=wlan0 type=STA]
03-20 10:37:50.548   819  1038 I HalDevMgr: bestIfaceCreationProposal is null, requestIface=STA, existingIface=[name=wlan0 type=STA]
03-20 10:37:51.715  1240  1371 W AlarmManager: Unrecognized alarm listener com.android.networkstack.android.net.ip.IpClientLinkObserver$Dhcp6PdPreferredPrefixAlarmListener@161cffd
03-20 10:37:51.718  1240  1371 D ApfFilter: (wlan0): Ignoring RA RA fe80::2 -> ff02::1 1800s fec0::/64 86400s/14400s  which matches RA fe80::2 -> ff02::1 1800s fec0::/64 86400s/14400s 
03-20 10:37:51.741   819   900 D KernelCpuUidUserSysTimeReader: Removing uids 90000-90000
03-20 10:37:51.742   819   900 D KernelCpuUidUserSysTimeReader: Removing uids 99002-99002
03-20 10:37:51.742   819   900 D KernelCpuUidUserSysTimeReader: Removing uids 90000-90000
03-20 10:37:51.742   819   900 D KernelCpuUidUserSysTimeReader: Removing uids 90000-90000
03-20 10:37:51.743   819   900 D KernelCpuUidUserSysTimeReader: Removing uids 90000-90000
03-20 10:37:51.743   819   900 D KernelCpuUidUserSysTimeReader: Removing uids 90001-90001
03-20 10:37:51.743   819   900 D KernelCpuUidUserSysTimeReader: Removing uids 90002-90002
03-20 10:37:51.743   819   900 D KernelCpuUidUserSysTimeReader: Removing uids 90003-90003
03-20 10:37:51.743   819   900 D KernelCpuUidUserSysTimeReader: Removing uids 90004-90004
03-20 10:37:51.743   819   900 D KernelCpuUidUserSysTimeReader: Removing uids 90005-90005
03-20 10:37:51.813  1486  1486 D BoundBrokerSvc: onRebind: Intent { act=com.google.android.gms.common.telemetry.service.START dat=chimera-action:/... xflg=0x4 cmp=com.google.android.gms/.chimera.PersistentApiService }
03-20 10:37:53.633   819  1038 I HalDevMgr: bestIfaceCreationProposal is null, requestIface=STA, existingIface=[name=wlan0 type=STA]
03-20 10:37:56.670  1281  1434 D SatelliteController: iisInCarrierRoamingNbIotNtn: satellite is disabled
03-20 10:37:56.685  1281  1434 D SatelliteController: getCarrierRoamingNtnConnectType: Falling back to global carrier config connect type: 0
03-20 10:37:56.765   819  1038 I HalDevMgr: bestIfaceCreationProposal is null, requestIface=STA, existingIface=[name=wlan0 type=STA]
03-20 10:37:56.869  1486  1486 D BoundBrokerSvc: onUnbind: Intent { act=com.google.android.gms.common.telemetry.service.START dat=chimera-action:/... xflg=0x4 cmp=com.google.android.gms/.chimera.PersistentApiService }
03-20 10:37:59.928   819  1038 I HalDevMgr: bestIfaceCreationProposal is null, requestIface=STA, existingIface=[name=wlan0 type=STA]
03-20 10:38:03.017   819  1038 I HalDevMgr: bestIfaceCreationProposal is null, requestIface=STA, existingIface=[name=wlan0 type=STA]
03-20 10:38:06.089   819  1038 I HalDevMgr: bestIfaceCreationProposal is null, requestIface=STA, existingIface=[name=wlan0 type=STA]
03-20 10:38:06.661  1281  1434 D SatelliteController: iisInCarrierRoamingNbIotNtn: satellite is disabled
03-20 10:38:06.663  1281  1434 D SatelliteController: getCarrierRoamingNtnConnectType: Falling back to global carrier config connect type: 0
03-20 10:38:09.193   819  1038 I HalDevMgr: bestIfaceCreationProposal is null, requestIface=STA, existingIface=[name=wlan0 type=STA]
03-20 10:38:12.289   819  1038 I HalDevMgr: bestIfaceCreationProposal is null, requestIface=STA, existingIface=[name=wlan0 type=STA]
03-20 10:38:15.369   819  1038 I HalDevMgr: bestIfaceCreationProposal is null, requestIface=STA, existingIface=[name=wlan0 type=STA]
03-20 10:38:16.678  1281  1434 D SatelliteController: iisInCarrierRoamingNbIotNtn: satellite is disabled
03-20 10:38:16.680  1281  1434 D SatelliteController: getCarrierRoamingNtnConnectType: Falling back to global carrier config connect type: 0
03-20 10:38:18.520   819  1038 I HalDevMgr: bestIfaceCreationProposal is null, requestIface=STA, existingIface=[name=wlan0 type=STA]
03-20 10:38:20.000   819   978 D ActivityManager: freezing 3405 com.android.settings
03-20 10:38:21.646   819  1038 I HalDevMgr: bestIfaceCreationProposal is null, requestIface=STA, existingIface=[name=wlan0 type=STA]
03-20 10:38:24.780   819  1038 I HalDevMgr: bestIfaceCreationProposal is null, requestIface=STA, existingIface=[name=wlan0 type=STA]
03-20 10:38:26.682  1281  1434 D SatelliteController: iisInCarrierRoamingNbIotNtn: satellite is disabled
03-20 10:38:26.684  1281  1434 D SatelliteController: getCarrierRoamingNtnConnectType: Falling back to global carrier config connect type: 0
03-20 10:38:27.864   819  1038 I HalDevMgr: bestIfaceCreationProposal is null, requestIface=STA, existingIface=[name=wlan0 type=STA]
03-20 10:38:28.981   819   984 D ActivityManager: sync unfroze 5341 com.google.android.gms for 6
03-20 10:38:29.034   819  1099 D BackgroundInstallControlService: Package event received: 0
03-20 10:38:29.858  5341  5341 D BoundBrokerSvc: onUnbind: Intent { act=com.google.android.gms.common.BIND_SHARED_PREFS xflg=0x4 pkg=com.google.android.gms }
03-20 10:38:30.302   819  2141 W AppOps  : Noting op not finished: uid 10147 pkg com.google.android.gms code 113 startTime of in progress event=1773997532068
03-20 10:38:30.506   819   950 W AppOps  : Noting op not finished: uid 10147 pkg com.google.android.gms code 79 startTime of in progress event=1773997590253
03-20 10:38:30.929  5341  5341 D BoundBrokerSvc: onBind: Intent { act=com.google.android.gms.semanticlocationhistory.settings.SettingsSyncOneOffService.ACTION_TASK_READY dat=chimera-action:/... xflg=0x4 cmp=com.google.android.gms/.chimera.GmsInternalBoundBrokerService }
03-20 10:38:30.929  5341  5341 D BoundBrokerSvc: Loading bound service for intent: Intent { act=com.google.android.gms.semanticlocationhistory.settings.SettingsSyncOneOffService.ACTION_TASK_READY dat=chimera-action:/... xflg=0x4 cmp=com.google.android.gms/.chimera.GmsInternalBoundBrokerService }
03-20 10:38:30.970  1486  2108 I ActivityScheduler: nextTriggerTime: 2317359, in 238100ms, detectorType: 39, FULL_TYPE alarmWindowMillis: 80000
03-20 10:38:30.980   819  1038 I HalDevMgr: bestIfaceCreationProposal is null, requestIface=STA, existingIface=[name=wlan0 type=STA]
03-20 10:38:31.019   819   901 D AppOpHistoryHelper: MetricHandler reporting 4 records.
03-20 10:38:31.157  1486  6807 I NetworkScheduler.Stats: (REDACTED) Task %s/%s started execution. cause:%s exec_start_elapsed_seconds: %s
03-20 10:38:31.306   819  2465 W AppOps  : Noting op not finished: uid 10147 pkg com.google.android.gms code 113 startTime of in progress event=1773997532068
03-20 10:38:31.562  5341  5354 I furm    : (REDACTED) Shared storage file not found for %s
03-20 10:38:32.192  1486  1486 D BoundBrokerSvc: onRebind: Intent { act=com.google.android.gms.auth.aang.events.services.START dat=chimera-action:/... xflg=0x4 cmp=com.google.android.gms/.chimera.PersistentApiService }
03-20 10:38:32.343   819  2465 D FileUtils: Rounded bytes from 2061950976 to 4000000000
03-20 10:38:32.662  5341  5356 I LocationHistory: [SettingsSyncOneOffTask] Synced ODLH settings for all accounts. [CONTEXT service_id=314 ]
03-20 10:38:32.766  5341  5341 D BoundBrokerSvc: onUnbind: Intent { act=com.google.android.gms.semanticlocationhistory.settings.SettingsSyncOneOffService.ACTION_TASK_READY dat=chimera-action:/... xflg=0x4 cmp=com.google.android.gms/.chimera.GmsInternalBoundBrokerService }
03-20 10:38:32.842  1486  6072 I NetworkScheduler.Stats: (REDACTED) Task %s/%s finished executing. cause:%s result: %s elapsed_millis: %s uptime_millis: %s exec_start_elapsed_seconds: %s
03-20 10:38:34.045   819  1038 I HalDevMgr: bestIfaceCreationProposal is null, requestIface=STA, existingIface=[name=wlan0 type=STA]
03-20 10:38:36.695  1281  1434 D SatelliteController: iisInCarrierRoamingNbIotNtn: satellite is disabled
03-20 10:38:36.708  1281  1434 D SatelliteController: getCarrierRoamingNtnConnectType: Falling back to global carrier config connect type: 0
03-20 10:38:37.152   819  1038 I HalDevMgr: bestIfaceCreationProposal is null, requestIface=STA, existingIface=[name=wlan0 type=STA]
03-20 10:38:40.312   819  1038 I HalDevMgr: bestIfaceCreationProposal is null, requestIface=STA, existingIface=[name=wlan0 type=STA]
03-20 10:38:43.431   819  1038 I HalDevMgr: bestIfaceCreationProposal is null, requestIface=STA, existingIface=[name=wlan0 type=STA]
03-20 10:38:46.529   819  1038 I HalDevMgr: bestIfaceCreationProposal is null, requestIface=STA, existingIface=[name=wlan0 type=STA]
