03-20 10:38:46.692  1281  1434 D SatelliteController: iisInCarrierRoamingNbIotNtn: satellite is disabled
03-20 10:38:46.694  1281  1434 D SatelliteController: getCarrierRoamingNtnConnectType: Falling back to global carrier config connect type: 0
03-20 10:38:47.294  1486  1486 D BoundBrokerSvc: onUnbind: Intent { act=com.google.android.gms.auth.aang.events.services.START dat=chimera-action:/... xflg=0x4 cmp=com.google.android.gms/.chimera.PersistentApiService }
03-20 10:38:49.649   819  1038 I HalDevMgr: bestIfaceCreationProposal is null, requestIface=STA, existingIface=[name=wlan0 type=STA]
03-20 10:38:49.817   819   978 D ActivityManager: freezing 5341 com.google.android.gms
03-20 10:38:52.802   819  1038 I HalDevMgr: bestIfaceCreationProposal is null, requestIface=STA, existingIface=[name=wlan0 type=STA]
03-20 10:38:55.929   819  1038 I HalDevMgr: bestIfaceCreationProposal is null, requestIface=STA, existingIface=[name=wlan0 type=STA]
03-20 10:38:56.692  1281  1434 D SatelliteController: iisInCarrierRoamingNbIotNtn: satellite is disabled
03-20 10:38:56.710  1281  1434 D SatelliteController: getCarrierRoamingNtnConnectType: Falling back to global carrier config connect type: 0
03-20 10:38:59.029   819  1038 I HalDevMgr: bestIfaceCreationProposal is null, requestIface=STA, existingIface=[name=wlan0 type=STA]
03-20 10:39:00.725   819  2143 D TelephonyManager: requestModemActivityInfo: Sending result to app: ModemActivityInfo{ mTimestamp=2108998 mSleepTimeMs=168 mIdleTimeMs=56 mActivityStatsTechSpecificInfo=[{mRat=UNKNOWN,mFrequencyRange=UNKNOWN,mTxTimeMs[]=[4, 12, 24, 32, 36],mRxTimeMs=36}]}
03-20 10:39:02.117   819  1038 I HalDevMgr: bestIfaceCreationProposal is null, requestIface=STA, existingIface=[name=wlan0 type=STA]
03-20 10:39:05.237   819  1038 I HalDevMgr: bestIfaceCreationProposal is null, requestIface=STA, existingIface=[name=wlan0 type=STA]
03-20 10:39:06.709  1281  1434 D SatelliteController: iisInCarrierRoamingNbIotNtn: satellite is disabled
03-20 10:39:06.716  1281  1434 D SatelliteController: getCarrierRoamingNtnConnectType: Falling back to global carrier config connect type: 0
03-20 10:39:08.342   819  1038 I HalDevMgr: bestIfaceCreationProposal is null, requestIface=STA, existingIface=[name=wlan0 type=STA]
03-20 10:39:11.449   819  1038 I HalDevMgr: bestIfaceCreationProposal is null, requestIface=STA, existingIface=[name=wlan0 type=STA]
03-20 10:39:14.546   819  1038 I HalDevMgr: bestIfaceCreationProposal is null, requestIface=STA, existingIface=[name=wlan0 type=STA]
03-20 10:39:16.710  1281  1434 D SatelliteController: iisInCarrierRoamingNbIotNtn: satellite is disabled
03-20 10:39:16.714  1281  1434 D SatelliteController: getCarrierRoamingNtnConnectType: Falling back to global carrier config connect type: 0
03-20 10:39:17.606   819  1038 I HalDevMgr: bestIfaceCreationProposal is null, requestIface=STA, existingIface=[name=wlan0 type=STA]
03-20 10:39:20.692   819  1038 I HalDevMgr: bestIfaceCreationProposal is null, requestIface=STA, existingIface=[name=wlan0 type=STA]
03-20 10:39:23.764   819  1038 I HalDevMgr: bestIfaceCreationProposal is null, requestIface=STA, existingIface=[name=wlan0 type=STA]
03-20 10:39:26.716  1281  1434 D SatelliteController: iisInCarrierRoamingNbIotNtn: satellite is disabled
03-20 10:39:26.744  1281  1434 D SatelliteController: getCarrierRoamingNtnConnectType: Falling back to global carrier config connect type: 0
03-20 10:39:26.902   819  1038 I HalDevMgr: bestIfaceCreationProposal is null, requestIface=STA, existingIface=[name=wlan0 type=STA]
03-20 10:39:29.996   819  1038 I HalDevMgr: bestIfaceCreationProposal is null, requestIface=STA, existingIface=[name=wlan0 type=STA]
03-20 10:39:33.057   819  1038 I HalDevMgr: bestIfaceCreationProposal is null, requestIface=STA, existingIface=[name=wlan0 type=STA]
03-20 10:39:36.190   819  1038 I HalDevMgr: bestIfaceCreationProposal is null, requestIface=STA, existingIface=[name=wlan0 type=STA]
03-20 10:39:36.738  1281  1434 D SatelliteController: iisInCarrierRoamingNbIotNtn: satellite is disabled
03-20 10:39:36.769  1281  1434 D SatelliteController: getCarrierRoamingNtnConnectType: Falling back to global carrier config connect type: 0
03-20 10:39:39.401   819  1038 I HalDevMgr: bestIfaceCreationProposal is null, requestIface=STA, existingIface=[name=wlan0 type=STA]
03-20 10:39:40.417   819  2141 D WifiNl80211Manager: Scan result ready event
03-20 10:39:40.417   819  2141 D WifiNative: Scan result ready event
03-20 10:39:40.447  1486  1496 I WifiScanner: onFullResults
03-20 10:39:40.450  1486  4647 I WifiScanner: onFullResults
03-20 10:39:40.522   819  1038 I HalDevMgr: bestIfaceCreationProposal is null, requestIface=STA, existingIface=[name=wlan0 type=STA]
03-20 10:39:42.478   819  1038 I HalDevMgr: bestIfaceCreationProposal is null, requestIface=STA, existingIface=[name=wlan0 type=STA]
03-20 10:39:45.614   819  1038 I HalDevMgr: bestIfaceCreationProposal is null, requestIface=STA, existingIface=[name=wlan0 type=STA]
03-20 10:39:46.734  1281  1434 D SatelliteController: iisInCarrierRoamingNbIotNtn: satellite is disabled
03-20 10:39:46.737  1281  1434 D SatelliteController: getCarrierRoamingNtnConnectType: Falling back to global carrier config connect type: 0
03-20 10:39:48.752   819  1038 I HalDevMgr: bestIfaceCreationProposal is null, requestIface=STA, existingIface=[name=wlan0 type=STA]
03-20 10:39:51.863   819  1038 I HalDevMgr: bestIfaceCreationProposal is null, requestIface=STA, existingIface=[name=wlan0 type=STA]
03-20 10:39:54.970   819  1038 I HalDevMgr: bestIfaceCreationProposal is null, requestIface=STA, existingIface=[name=wlan0 type=STA]
03-20 10:39:56.749  1281  1434 D SatelliteController: iisInCarrierRoamingNbIotNtn: satellite is disabled
03-20 10:39:56.755  1281  1434 D SatelliteController: getCarrierRoamingNtnConnectType: Falling back to global carrier config connect type: 0
03-20 10:39:58.046   819  1038 I HalDevMgr: bestIfaceCreationProposal is null, requestIface=STA, existingIface=[name=wlan0 type=STA]
03-20 10:40:01.158   819  1038 I HalDevMgr: bestIfaceCreationProposal is null, requestIface=STA, existingIface=[name=wlan0 type=STA]
03-20 10:40:04.233   819  1038 I HalDevMgr: bestIfaceCreationProposal is null, requestIface=STA, existingIface=[name=wlan0 type=STA]
03-20 10:40:06.749  1281  1434 D SatelliteController: iisInCarrierRoamingNbIotNtn: satellite is disabled
03-20 10:40:06.761  1281  1434 D SatelliteController: getCarrierRoamingNtnConnectType: Falling back to global carrier config connect type: 0
03-20 10:40:07.320   819  1038 I HalDevMgr: bestIfaceCreationProposal is null, requestIface=STA, existingIface=[name=wlan0 type=STA]
03-20 10:40:10.412   819  1038 I HalDevMgr: bestIfaceCreationProposal is null, requestIface=STA, existingIface=[name=wlan0 type=STA]
03-20 10:40:11.320   819   877 I GnssLocationProvider: WakeLock acquired by handleDownloadPsdsData()
03-20 10:40:11.329   819  6956 E GnssPsdsDownloader: No Long-Term PSDS servers were specified in the GnssConfiguration
03-20 10:40:13.498   819  1038 I HalDevMgr: bestIfaceCreationProposal is null, requestIface=STA, existingIface=[name=wlan0 type=STA]
03-20 10:40:16.573   819  1038 I HalDevMgr: bestIfaceCreationProposal is null, requestIface=STA, existingIface=[name=wlan0 type=STA]
03-20 10:40:16.761  1281  1434 D SatelliteController: iisInCarrierRoamingNbIotNtn: satellite is disabled
03-20 10:40:16.769  1281  1434 D SatelliteController: getCarrierRoamingNtnConnectType: Falling back to global carrier config connect type: 0
03-20 10:40:19.715   819  1038 I HalDevMgr: bestIfaceCreationProposal is null, requestIface=STA, existingIface=[name=wlan0 type=STA]
03-20 10:40:22.792   819  1038 I HalDevMgr: bestIfaceCreationProposal is null, requestIface=STA, existingIface=[name=wlan0 type=STA]
03-20 10:40:25.906   819  1038 I HalDevMgr: bestIfaceCreationProposal is null, requestIface=STA, existingIface=[name=wlan0 type=STA]
03-20 10:40:26.774  1281  1434 D SatelliteController: iisInCarrierRoamingNbIotNtn: satellite is disabled
03-20 10:40:26.781  1281  1434 D SatelliteController: getCarrierRoamingNtnConnectType: Falling back to global carrier config connect type: 0
03-20 10:40:29.000   819  1038 I HalDevMgr: bestIfaceCreationProposal is null, requestIface=STA, existingIface=[name=wlan0 type=STA]
03-20 10:40:32.085   819  1038 I HalDevMgr: bestIfaceCreationProposal is null, requestIface=STA, existingIface=[name=wlan0 type=STA]
03-20 10:40:35.162   819  1038 I HalDevMgr: bestIfaceCreationProposal is null, requestIface=STA, existingIface=[name=wlan0 type=STA]
03-20 10:40:36.761  1281  1434 D SatelliteController: iisInCarrierRoamingNbIotNtn: satellite is disabled
03-20 10:40:36.765  1281  1434 D SatelliteController: getCarrierRoamingNtnConnectType: Falling back to global carrier config connect type: 0
03-20 10:40:38.280   819  1038 I HalDevMgr: bestIfaceCreationProposal is null, requestIface=STA, existingIface=[name=wlan0 type=STA]
03-20 10:40:41.422   819  1038 I HalDevMgr: bestIfaceCreationProposal is null, requestIface=STA, existingIface=[name=wlan0 type=STA]
03-20 10:40:43.484  1486  6807 I AlarmManager: setExactAndAllowWhileIdle [name: GCM_HB_ALARM type: 2 triggerAtMillis: 2871773]
03-20 10:40:43.515  1486  6807 I AlarmManager: setExactAndAllowWhileIdle [name: GCM_HB_ALARM type: 2 triggerAtMillis: 2871804]
03-20 10:40:44.504   819  1038 I HalDevMgr: bestIfaceCreationProposal is null, requestIface=STA, existingIface=[name=wlan0 type=STA]
03-20 10:40:46.789  1281  1434 D SatelliteController: iisInCarrierRoamingNbIotNtn: satellite is disabled
03-20 10:40:46.800  1281  1434 D SatelliteController: getCarrierRoamingNtnConnectType: Falling back to global carrier config connect type: 0
03-20 10:40:47.616   819  1038 I HalDevMgr: bestIfaceCreationProposal is null, requestIface=STA, existingIface=[name=wlan0 type=STA]
03-20 10:40:50.685   819  1038 I HalDevMgr: bestIfaceCreationProposal is null, requestIface=STA, existingIface=[name=wlan0 type=STA]
03-20 10:40:53.796   819  1038 I HalDevMgr: bestIfaceCreationProposal is null, requestIface=STA, existingIface=[name=wlan0 type=STA]
03-20 10:40:56.812  1281  1434 D SatelliteController: iisInCarrierRoamingNbIotNtn: satellite is disabled
03-20 10:40:56.833  1281  1434 D SatelliteController: getCarrierRoamingNtnConnectType: Falling back to global carrier config connect type: 0
03-20 10:40:56.925   819  1038 I HalDevMgr: bestIfaceCreationProposal is null, requestIface=STA, existingIface=[name=wlan0 type=STA]
03-20 10:41:00.058   819  1038 I HalDevMgr: bestIfaceCreationProposal is null, requestIface=STA, existingIface=[name=wlan0 type=STA]
03-20 10:41:03.148   819  1038 I HalDevMgr: bestIfaceCreationProposal is null, requestIface=STA, existingIface=[name=wlan0 type=STA]
03-20 10:41:06.311   819  1038 I HalDevMgr: bestIfaceCreationProposal is null, requestIface=STA, existingIface=[name=wlan0 type=STA]
03-20 10:41:06.793  1281  1434 D SatelliteController: iisInCarrierRoamingNbIotNtn: satellite is disabled
03-20 10:41:06.797  1281  1434 D SatelliteController: getCarrierRoamingNtnConnectType: Falling back to global carrier config connect type: 0
03-20 10:41:09.389   819  1038 I HalDevMgr: bestIfaceCreationProposal is null, requestIface=STA, existingIface=[name=wlan0 type=STA]
03-20 10:41:12.484   819  1038 I HalDevMgr: bestIfaceCreationProposal is null, requestIface=STA, existingIface=[name=wlan0 type=STA]
03-20 10:41:15.541   819  1038 I HalDevMgr: bestIfaceCreationProposal is null, requestIface=STA, existingIface=[name=wlan0 type=STA]
03-20 10:41:16.803  1281  1434 D SatelliteController: iisInCarrierRoamingNbIotNtn: satellite is disabled
03-20 10:41:16.822  1281  1434 D SatelliteController: getCarrierRoamingNtnConnectType: Falling back to global carrier config connect type: 0
03-20 10:41:18.646   819  1038 I HalDevMgr: bestIfaceCreationProposal is null, requestIface=STA, existingIface=[name=wlan0 type=STA]
03-20 10:41:21.705   819  1038 I HalDevMgr: bestIfaceCreationProposal is null, requestIface=STA, existingIface=[name=wlan0 type=STA]
03-20 10:41:24.816   819  1038 I HalDevMgr: bestIfaceCreationProposal is null, requestIface=STA, existingIface=[name=wlan0 type=STA]
03-20 10:41:26.825  1281  1434 D SatelliteController: iisInCarrierRoamingNbIotNtn: satellite is disabled
03-20 10:41:26.833  1281  1434 D SatelliteController: getCarrierRoamingNtnConnectType: Falling back to global carrier config connect type: 0
03-20 10:41:27.936   819  1038 I HalDevMgr: bestIfaceCreationProposal is null, requestIface=STA, existingIface=[name=wlan0 type=STA]
03-20 10:41:31.018   819  1038 I HalDevMgr: bestIfaceCreationProposal is null, requestIface=STA, existingIface=[name=wlan0 type=STA]
03-20 10:41:34.099   819  1038 I HalDevMgr: bestIfaceCreationProposal is null, requestIface=STA, existingIface=[name=wlan0 type=STA]
03-20 10:41:36.874  1281  1434 D SatelliteController: iisInCarrierRoamingNbIotNtn: satellite is disabled
03-20 10:41:36.878  1281  1434 D SatelliteController: getCarrierRoamingNtnConnectType: Falling back to global carrier config connect type: 0
03-20 10:41:37.226   819  1038 I HalDevMgr: bestIfaceCreationProposal is null, requestIface=STA, existingIface=[name=wlan0 type=STA]
03-20 10:41:40.369   819  1038 I HalDevMgr: bestIfaceCreationProposal is null, requestIface=STA, existingIface=[name=wlan0 type=STA]
03-20 10:41:43.475   819  1038 I HalDevMgr: bestIfaceCreationProposal is null, requestIface=STA, existingIface=[name=wlan0 type=STA]
03-20 10:41:44.293   819  1111 D androidtc: Initializing SystemTextClassifier, type = System
03-20 10:41:44.405   819  1111 E ClipboardService: Denying clipboard access to com.android.chrome, application is not in focus nor is it a system service for user 0
03-20 10:41:44.467  1147  1147 I ClipboardListener: Clipboard overlay suppressed.
03-20 10:41:44.510  1830  2110 I AiAiTranslate: C2T - not in a conversation
03-20 10:41:44.521  1830  1830 I AiAiTextClassifier: onCreateTextClassificationSession = TextClassificationSessionId {1b9df64c-a9a6-4fcd-a3eb-19c4af29b485}
03-20 10:41:45.454  1830  2115 I AiAiTextClassifier: GenerateLinks did not find valid links, returning empty result
03-20 10:41:45.478   819  1112 E ClipboardService: Denying clipboard access to com.android.chrome, application is not in focus nor is it a system service for user 0
03-20 10:41:45.521  1147  1147 I ClipboardListener: Clipboard overlay suppressed.
03-20 10:41:45.533  1830  2115 I AiAiTextClassifier: GenerateLinks did not find valid links, returning empty result
03-20 10:41:45.733   819  1099 D BackgroundInstallControlService: Package event received: 0
03-20 10:41:46.529   819  1038 I HalDevMgr: bestIfaceCreationProposal is null, requestIface=STA, existingIface=[name=wlan0 type=STA]
03-20 10:41:46.837  1281  1434 D SatelliteController: iisInCarrierRoamingNbIotNtn: satellite is disabled
03-20 10:41:46.841  1281  1434 D SatelliteController: getCarrierRoamingNtnConnectType: Falling back to global carrier config connect type: 0
03-20 10:41:49.570   819  1038 I HalDevMgr: bestIfaceCreationProposal is null, requestIface=STA, existingIface=[name=wlan0 type=STA]
